Component: ARM Compiler 5.06 update 1 (build 61) Tool: armlink [4d35a8]

==============================================================================

Section Cross References

    usbh_pipes.o(i.USBH_ClosePipe) refers to usbh_conf.o(i.USBH_LL_ClosePipe) for USBH_LL_ClosePipe
    usbh_pipes.o(i.USBH_OpenPipe) refers to usbh_conf.o(i.USBH_LL_OpenPipe) for USBH_LL_OpenPipe
    usbh_ioreq.o(i.USBH_BulkReceiveData) refers to usbh_conf.o(i.USBH_LL_SubmitURB) for USBH_LL_SubmitURB
    usbh_ioreq.o(i.USBH_BulkSendData) refers to usbh_conf.o(i.USBH_LL_SubmitURB) for USBH_LL_SubmitURB
    usbh_ioreq.o(i.USBH_CtlReceiveData) refers to usbh_conf.o(i.USBH_LL_SubmitURB) for USBH_LL_SubmitURB
    usbh_ioreq.o(i.USBH_CtlSendData) refers to usbh_conf.o(i.USBH_LL_SubmitURB) for USBH_LL_SubmitURB
    usbh_ioreq.o(i.USBH_CtlSendSetup) refers to usbh_conf.o(i.USBH_LL_SubmitURB) for USBH_LL_SubmitURB
    usbh_ioreq.o(i.USBH_InterruptReceiveData) refers to usbh_conf.o(i.USBH_LL_SubmitURB) for USBH_LL_SubmitURB
    usbh_ioreq.o(i.USBH_InterruptSendData) refers to usbh_conf.o(i.USBH_LL_SubmitURB) for USBH_LL_SubmitURB
    usbh_ioreq.o(i.USBH_IsocReceiveData) refers to usbh_conf.o(i.USBH_LL_SubmitURB) for USBH_LL_SubmitURB
    usbh_ioreq.o(i.USBH_IsocSendData) refers to usbh_conf.o(i.USBH_LL_SubmitURB) for USBH_LL_SubmitURB
    usbh_ctlreq.o(i.USBH_ClrFeature) refers to usbh_ctlreq.o(i.USBH_CtlReq) for USBH_CtlReq
    usbh_ctlreq.o(i.USBH_CtlReq) refers to usbh_ioreq.o(i.USBH_CtlSendSetup) for USBH_CtlSendSetup
    usbh_ctlreq.o(i.USBH_CtlReq) refers to usbh_conf.o(i.USBH_LL_GetURBState) for USBH_LL_GetURBState
    usbh_ctlreq.o(i.USBH_CtlReq) refers to usbh_ioreq.o(i.USBH_CtlReceiveData) for USBH_CtlReceiveData
    usbh_ctlreq.o(i.USBH_CtlReq) refers to usbh_ioreq.o(i.USBH_CtlSendData) for USBH_CtlSendData
    usbh_ctlreq.o(i.USBH_CtlReq) refers to usbh_conf.o(i.USBH_LL_Stop) for USBH_LL_Stop
    usbh_ctlreq.o(i.USBH_GetDescriptor) refers to usbh_ctlreq.o(i.USBH_CtlReq) for USBH_CtlReq
    usbh_ctlreq.o(i.USBH_Get_CfgDesc) refers to usbh_ctlreq.o(i.USBH_CtlReq) for USBH_CtlReq
    usbh_ctlreq.o(i.USBH_Get_DevDesc) refers to usbh_ctlreq.o(i.USBH_CtlReq) for USBH_CtlReq
    usbh_ctlreq.o(i.USBH_Get_StringDesc) refers to usbh_ctlreq.o(i.USBH_CtlReq) for USBH_CtlReq
    usbh_ctlreq.o(i.USBH_SetAddress) refers to usbh_ctlreq.o(i.USBH_CtlReq) for USBH_CtlReq
    usbh_ctlreq.o(i.USBH_SetCfg) refers to usbh_ctlreq.o(i.USBH_CtlReq) for USBH_CtlReq
    usbh_ctlreq.o(i.USBH_SetInterface) refers to usbh_ctlreq.o(i.USBH_CtlReq) for USBH_CtlReq
    usbh_core.o(i.USBH_DeInit) refers to memseta.o(.text) for __aeabi_memclr4
    usbh_core.o(i.USBH_DeInit) refers to usbh_conf.o(i.USBH_LL_Stop) for USBH_LL_Stop
    usbh_core.o(i.USBH_Init) refers to memseta.o(.text) for __aeabi_memclr4
    usbh_core.o(i.USBH_Init) refers to usbh_conf.o(i.USBH_LL_Init) for USBH_LL_Init
    usbh_core.o(i.USBH_LL_Disconnect) refers to usbh_conf.o(i.USBH_LL_Stop) for USBH_LL_Stop
    usbh_core.o(i.USBH_LL_Disconnect) refers to usbh_pipes.o(i.USBH_FreePipe) for USBH_FreePipe
    usbh_core.o(i.USBH_LL_Disconnect) refers to usbh_conf.o(i.USBH_LL_Start) for USBH_LL_Start
    usbh_core.o(i.USBH_Process) refers to usbh_conf.o(i.USBH_Delay) for USBH_Delay
    usbh_core.o(i.USBH_Process) refers to usbh_conf.o(i.USBH_LL_ResetPort) for USBH_LL_ResetPort
    usbh_core.o(i.USBH_Process) refers to usbh_conf.o(i.USBH_LL_GetSpeed) for USBH_LL_GetSpeed
    usbh_core.o(i.USBH_Process) refers to usbh_pipes.o(i.USBH_AllocPipe) for USBH_AllocPipe
    usbh_core.o(i.USBH_Process) refers to usbh_pipes.o(i.USBH_OpenPipe) for USBH_OpenPipe
    usbh_core.o(i.USBH_Process) refers to usbh_ctlreq.o(i.USBH_Get_DevDesc) for USBH_Get_DevDesc
    usbh_core.o(i.USBH_Process) refers to usbh_ctlreq.o(i.USBH_SetAddress) for USBH_SetAddress
    usbh_core.o(i.USBH_Process) refers to usbh_ctlreq.o(i.USBH_Get_CfgDesc) for USBH_Get_CfgDesc
    usbh_core.o(i.USBH_Process) refers to usbh_ctlreq.o(i.USBH_Get_StringDesc) for USBH_Get_StringDesc
    usbh_core.o(i.USBH_Process) refers to usbh_ctlreq.o(i.USBH_SetCfg) for USBH_SetCfg
    usbh_core.o(i.USBH_Process) refers to memseta.o(.text) for __aeabi_memclr4
    usbh_core.o(i.USBH_ReEnumerate) refers to usbh_conf.o(i.USBH_LL_Stop) for USBH_LL_Stop
    usbh_core.o(i.USBH_ReEnumerate) refers to usbh_conf.o(i.USBH_LL_DriverVBUS) for USBH_LL_DriverVBUS
    usbh_core.o(i.USBH_ReEnumerate) refers to usbh_pipes.o(i.USBH_FreePipe) for USBH_FreePipe
    usbh_core.o(i.USBH_ReEnumerate) refers to usbh_conf.o(i.USBH_Delay) for USBH_Delay
    usbh_core.o(i.USBH_ReEnumerate) refers to memseta.o(.text) for __aeabi_memclr4
    usbh_core.o(i.USBH_ReEnumerate) refers to usbh_conf.o(i.USBH_LL_Start) for USBH_LL_Start
    usbh_core.o(i.USBH_Start) refers to usbh_conf.o(i.USBH_LL_Start) for USBH_LL_Start
    usbh_core.o(i.USBH_Start) refers to usbh_conf.o(i.USBH_LL_DriverVBUS) for USBH_LL_DriverVBUS
    usbh_core.o(i.USBH_Stop) refers to usbh_conf.o(i.USBH_LL_Stop) for USBH_LL_Stop
[...]
    Removing stm32f4xx_hal_flash_ramfunc.o(.revsh_text), (4 bytes).
    Removing stm32f4xx_hal_flash_ramfunc.o(.rrx_text), (6 bytes).
    Removing stm32f4xx_hal_flash.o(.rev16_text), (4 bytes).
    Removing stm32f4xx_hal_flash.o(.revsh_text), (4 bytes).
    Removing stm32f4xx_hal_flash.o(.rrx_text), (6 bytes).
    Removing stm32f4xx_hal_flash.o(i.FLASH_WaitForLastOperation), (200 bytes).
    Removing stm32f4xx_hal_flash.o(i.HAL_FLASH_EndOfOperationCallback), (2 bytes).
    Removing stm32f4xx_hal_flash.o(i.HAL_FLASH_GetError), (12 bytes).
    Removing stm32f4xx_hal_flash.o(i.HAL_FLASH_IRQHandler), (296 bytes).
    Removing stm32f4xx_hal_flash.o(i.HAL_FLASH_Lock), (20 bytes).
    Removing stm32f4xx_hal_flash.o(i.HAL_FLASH_OB_Launch), (24 bytes).
    Removing stm32f4xx_hal_flash.o(i.HAL_FLASH_OB_Lock), (20 bytes).
    Removing stm32f4xx_hal_flash.o(i.HAL_FLASH_OB_Unlock), (44 bytes).
    Removing stm32f4xx_hal_flash.o(i.HAL_FLASH_OperationErrorCallback), (2 bytes).
    Removing stm32f4xx_hal_flash.o(i.HAL_FLASH_Program), (196 bytes).
    Removing stm32f4xx_hal_flash.o(i.HAL_FLASH_Program_IT), (252 bytes).
    Removing stm32f4xx_hal_flash.o(i.HAL_FLASH_Unlock), (44 bytes).
    Removing stm32f4xx_hal_flash.o(.bss), (32 bytes).
    Removing stm32f4xx_hal_spi.o(.rev16_text), (4 bytes).
    Removing stm32f4xx_hal_spi.o(.revsh_text), (4 bytes).
    Removing stm32f4xx_hal_spi.o(.rrx_text), (6 bytes).
    Removing stm32f4xx_hal_spi.o(i.HAL_SPI_Abort), (200 bytes).
    Removing stm32f4xx_hal_spi.o(i.HAL_SPI_AbortCpltCallback), (2 bytes).
    Removing stm32f4xx_hal_spi.o(i.HAL_SPI_Abort_IT), (248 bytes).
    Removing stm32f4xx_hal_spi.o(i.HAL_SPI_DMAPause), (32 bytes).
    Removing stm32f4xx_hal_spi.o(i.HAL_SPI_DMAResume), (32 bytes).
    Removing stm32f4xx_hal_spi.o(i.HAL_SPI_DMAStop), (42 bytes).
    Removing stm32f4xx_hal_spi.o(i.HAL_SPI_DeInit), (42 bytes).
    Removing stm32f4xx_hal_spi.o(i.HAL_SPI_ErrorCallback), (2 bytes).
    Removing stm32f4xx_hal_spi.o(i.HAL_SPI_GetError), (4 bytes).
    Removing stm32f4xx_hal_spi.o(i.HAL_SPI_GetState), (4 bytes).
    Removing stm32f4xx_hal_spi.o(i.HAL_SPI_IRQHandler), (240 bytes).
    Removing stm32f4xx_hal_spi.o(i.HAL_SPI_MspDeInit), (2 bytes).
    Removing stm32f4xx_hal_spi.o(i.HAL_SPI_MspInit), (2 bytes).
    Removing stm32f4xx_hal_spi.o(i.HAL_SPI_Receive), (336 bytes).
    Removing stm32f4xx_hal_spi.o(i.HAL_SPI_Receive_DMA), (220 bytes).
    Removing stm32f4xx_hal_spi.o(i.HAL_SPI_Receive_IT), (308 bytes).
    Removing stm32f4xx_hal_spi.o(i.HAL_SPI_RxCpltCallback), (2 bytes).
    Removing stm32f4xx_hal_spi.o(i.HAL_SPI_RxHalfCpltCallback), (2 bytes).
    Removing stm32f4xx_hal_spi.o(i.HAL_SPI_Transmit), (402 bytes).
    Removing stm32f4xx_hal_spi.o(i.HAL_SPI_TransmitReceive), (492 bytes).
    Removing stm32f4xx_hal_spi.o(i.HAL_SPI_TransmitReceive_DMA), (260 bytes).
    Removing stm32f4xx_hal_spi.o(i.HAL_SPI_TransmitReceive_IT), (160 bytes).
    Removing stm32f4xx_hal_spi.o(i.HAL_SPI_Transmit_DMA), (176 bytes).
    Removing stm32f4xx_hal_spi.o(i.HAL_SPI_Transmit_IT), (152 bytes).
    Removing stm32f4xx_hal_spi.o(i.HAL_SPI_TxCpltCallback), (2 bytes).
    Removing stm32f4xx_hal_spi.o(i.HAL_SPI_TxHalfCpltCallback), (2 bytes).
    Removing stm32f4xx_hal_spi.o(i.HAL_SPI_TxRxCpltCallback), (2 bytes).
    Removing stm32f4xx_hal_spi.o(i.HAL_SPI_TxRxHalfCpltCallback), (2 bytes).
    Removing stm32f4xx_hal_spi.o(i.SPI_2linesRxISR_16BIT), (50 bytes).
    Removing stm32f4xx_hal_spi.o(i.SPI_2linesRxISR_8BIT), (48 bytes).
    Removing stm32f4xx_hal_spi.o(i.SPI_2linesTxISR_16BIT), (50 bytes).
    Removing stm32f4xx_hal_spi.o(i.SPI_2linesTxISR_8BIT), (48 bytes).
    Removing stm32f4xx_hal_spi.o(i.SPI_AbortRx_ISR), (84 bytes).
    Removing stm32f4xx_hal_spi.o(i.SPI_AbortTx_ISR), (22 bytes).
    Removing stm32f4xx_hal_spi.o(i.SPI_CloseRxTx_ISR), (152 bytes).
    Removing stm32f4xx_hal_spi.o(i.SPI_DMAAbortOnError), (16 bytes).
    Removing stm32f4xx_hal_spi.o(i.SPI_DMAError), (32 bytes).
    Removing stm32f4xx_hal_spi.o(i.SPI_DMAHalfReceiveCplt), (10 bytes).
    Removing stm32f4xx_hal_spi.o(i.SPI_DMAHalfTransmitCplt), (10 bytes).
    Removing stm32f4xx_hal_spi.o(i.SPI_DMAHalfTransmitReceiveCplt), (10 bytes).
    Removing stm32f4xx_hal_spi.o(i.SPI_DMAReceiveCplt), (82 bytes).
    Removing stm32f4xx_hal_spi.o(i.SPI_DMARxAbortCallback), (70 bytes).
    Removing stm32f4xx_hal_spi.o(i.SPI_DMATransmitCplt), (102 bytes).
    Removing stm32f4xx_hal_spi.o(i.SPI_DMATransmitReceiveCplt), (96 bytes).
    Removing stm32f4xx_hal_spi.o(i.SPI_DMATxAbortCallback), (104 bytes).
    Removing stm32f4xx_hal_spi.o(i.SPI_RxISR_16BIT), (104 bytes).
    Removing stm32f4xx_hal_spi.o(i.SPI_RxISR_8BIT), (102 bytes).
    Removing stm32f4xx_hal_spi.o(i.SPI_TxISR_16BIT), (164 bytes).
    Removing stm32f4xx_hal_spi.o(i.SPI_TxISR_8BIT), (164 bytes).
    Removing stm32f4xx_hal_spi.o(i.SPI_WaitFlagStateUntilTimeout), (166 bytes).
    Removing stm32f4xx_hal_cortex.o(.rev16_text), (4 bytes).
    Removing stm32f4xx_hal_cortex.o(.revsh_text), (4 bytes).
    Removing stm32f4xx_hal_cortex.o(.rrx_text), (6 bytes).
    Removing stm32f4xx_hal_cortex.o(i.HAL_MPU_ConfigRegion), (84 bytes).
    Removing stm32f4xx_hal_cortex.o(i.HAL_MPU_Disable), (32 bytes).
    Removing stm32f4xx_hal_cortex.o(i.HAL_MPU_Enable), (36 bytes).
    Removing stm32f4xx_hal_cortex.o(i.HAL_NVIC_ClearPendingIRQ), (24 bytes).
    Removing stm32f4xx_hal_cortex.o(i.HAL_NVIC_DisableIRQ), (24 bytes).
    Removing stm32f4xx_hal_cortex.o(i.HAL_NVIC_GetActive), (30 bytes).
    Removing stm32f4xx_hal_cortex.o(i.HAL_NVIC_GetPendingIRQ), (30 bytes).
    Removing stm32f4xx_hal_cortex.o(i.HAL_NVIC_GetPriority), (86 bytes).
    Removing stm32f4xx_hal_cortex.o(i.HAL_NVIC_GetPriorityGrouping), (16 bytes).
    Removing stm32f4xx_hal_cortex.o(i.HAL_NVIC_SetPendingIRQ), (24 bytes).
    Removing stm32f4xx_hal_cortex.o(i.HAL_NVIC_SystemReset), (36 bytes).
    Removing usbh_conf.o(.rev16_text), (4 bytes).
    Removing usbh_conf.o(.revsh_text), (4 bytes).
    Removing usbh_conf.o(.rrx_text), (6 bytes).
    Removing usbh_conf.o(i.HAL_HCD_MspDeInit), (52 bytes).
    Removing usbh_conf.o(i.USBH_LL_DeInit), (32 bytes).
    Removing usbh_conf.o(i.USBH_LL_GetToggle), (34 bytes).
    Removing usbh_conf.o(i.USBH_LL_SetToggle), (36 bytes).
    Removing usb_host.o(.rev16_text), (4 bytes).
    Removing usb_host.o(.revsh_text), (4 bytes).
    Removing usb_host.o(.rrx_text), (6 bytes).
    Removing main.o(.rev16_text), (4 bytes).
    Removing main.o(.revsh_text), (4 bytes).
    Removing main.o(.rrx_text), (6 bytes).
    Removing main.o(i.ErrorHandler), (2 bytes).
    Removing main.o(i.GPIO_Init), (108 bytes).
    Removing main.o(i.MODE_ControlTransferStartI1), (22 bytes).
    Removing main.o(i.MODE_ControlTransferStartI2), (22 bytes).
    Removing main.o(i.MODE_ControlTransferStopI1), (22 bytes).
    Removing main.o(i.MODE_ControlTransferStopI2), (22 bytes).
    Removing main.o(i.MODE_GetManufacturer), (44 bytes).
    Removing main.o(i.MODE_GetProduct), (44 bytes).
    Removing main.o(i.MODE_Led1_Off), (24 bytes).
    Removing main.o(i.MODE_Led1_On), (24 bytes).
    Removing main.o(i.MODE_Led2_Off), (24 bytes).
    Removing main.o(i.MODE_Led2_On), (24 bytes).
    Removing main.o(i.MODE_Led3_Off), (24 bytes).
    Removing main.o(i.MODE_Led3_On), (24 bytes).
    Removing main.o(i.MODE_Led4_Off), (24 bytes).
    Removing main.o(i.MODE_Led4_On), (24 bytes).
    Removing main.o(i.MODE_Pause), (14 bytes).
    Removing main.o(i.MODE_Receive), (28 bytes).
    Removing main.o(i.MODE_SetConfiguration), (64 bytes).
    Removing main.o(i.MODE_Wait), (4 bytes).
    Removing main.o(i.RCC_Init), (160 bytes).
    Removing main.o(i.SPI_Init), (64 bytes).
    Removing main.o(i.USB_HOST_ControlTransfer), (50 bytes).
    Removing main.o(i.USB_HOST_SendData), (22 bytes).
    Removing main.o(i.USB_HOST_SetConfiguration), (28 bytes).
    Removing main.o(.bss), (512 bytes).
    Removing stm32f4xx_hal_msp.o(.rev16_text), (4 bytes).
    Removing stm32f4xx_hal_msp.o(.revsh_text), (4 bytes).
    Removing stm32f4xx_hal_msp.o(.rrx_text), (6 bytes).
    Removing stm32f4xx_hal_msp.o(i.HAL_SPI_MspDeInit), (60 bytes).
    Removing stm32f4xx_it.o(.rev16_text), (4 bytes).
    Removing stm32f4xx_it.o(.revsh_text), (4 bytes).
    Removing stm32f4xx_it.o(.rrx_text), (6 bytes).
    Removing flironecontrol.o(.rev16_text), (4 bytes).
    Removing flironecontrol.o(.revsh_text), (4 bytes).
    Removing flironecontrol.o(.rrx_text), (6 bytes).
    Removing flironecontrol.o(i.FLIR_ONE_GetBufferSize), (32 bytes).
    Removing flironecontrol.o(i.FLIR_ONE_PopByte), (60 bytes).
    Removing flironecontrol.o(i.FLIR_ONE_PushByte), (68 bytes).
    Removing hx8347d.o(.rev16_text), (4 bytes).
    Removing hx8347d.o(.revsh_text), (4 bytes).
    Removing hx8347d.o(.rrx_text), (6 bytes).
    Removing hx8347d.o(i.HX8347D_OutColor), (4 bytes).
    Removing hx8347d.o(i.HX8347D_PutString), (2 bytes).
    Removing hx8347d.o(i.HX8347D_PutSymbol), (2 bytes).
    Removing hx8347d.o(i.HX8347D_Reset), (100 bytes).
    Removing dadd.o(.text), (334 bytes).
    Removing dmul.o(.text), (228 bytes).
    Removing ddiv.o(.text), (222 bytes).
    Removing dfixul.o(.text), (48 bytes).
    Removing cdrcmple.o(.text), (48 bytes).
    Removing depilogue.o(.text), (186 bytes).
    Removing hx8347d.o(i.HX8347D_CS_Zero), (16 bytes).
    Removing hx8347d.o(i.HX8347D_WR_One), (16 bytes).
    Removing hx8347d.o(i.HX8347D_RD_One), (16 bytes).
    Removing hx8347d.o(i.HX8347D_RS_One), (16 bytes).
    Removing hx8347d.o(i.HX8347D_CS_One), (16 bytes).
    Removing hx8347d.o(i.HX8347D_RS_Zero), (16 bytes).
    Removing hx8347d.o(i.HX8347D_WR_Zero), (16 bytes).
    Removing hx8347d.o(i.HX8347D_RST_One), (16 bytes).
    Removing hx8347d.o(i.HX8347D_RST_Zero), (16 bytes).
    Removing hx8347d.o(i.HX8347D_RD_Zero), (16 bytes).
    Removing hx8347d.o(i.HX8347D_SetData), (20 bytes).
    Removing hx8347d.o(i.HX8347D_Write8), (48 bytes).
    Removing hx8347d.o(i.HX8347D_WriteRegister16), (52 bytes).

374 unused section(s) (total 26930 bytes) removed from the image.

==============================================================================

Image Symbol Table

    Local Symbols

    Symbol Name                              Value     Ov Type        Size  Object(Section)

    ../Drivers/STM32F4xx_HAL_Driver/Src/stm32f4xx_hal.c 0x00000000   Number         0  stm32f4xx_hal.o ABSOLUTE
    ../Drivers/STM32F4xx_HAL_Driver/Src/stm32f4xx_hal_cortex.c 0x00000000   Number         0  stm32f4xx_hal_cortex.o ABSOLUTE
    ../Drivers/STM32F4xx_HAL_Driver/Src/stm32f4xx_hal_dma.c 0x00000000   Number         0  stm32f4xx_hal_dma.o ABSOLUTE
    ../Drivers/STM32F4xx_HAL_Driver/Src/stm32f4xx_hal_dma_ex.c 0x00000000   Number         0  stm32f4xx_hal_dma_ex.o ABSOLUTE
    ../Drivers/STM32F4xx_HAL_Driver/Src/stm32f4xx_hal_flash.c 0x00000000   Number         0  stm32f4xx_hal_flash.o ABSOLUTE
    ../Drivers/STM32F4xx_HAL_Driver/Src/stm32f4xx_hal_flash_ex.c 0x00000000   Number         0  stm32f4xx_hal_flash_ex.o ABSOLUTE
    ../Drivers/STM32F4xx_HAL_Driver/Src/stm32f4xx_hal_flash_ramfunc.c 0x00000000   Number         0  stm32f4xx_hal_flash_ramfunc.o ABSOLUTE
    ../Drivers/STM32F4xx_HAL_Driver/Src/stm32f4xx_hal_gpio.c 0x00000000   Number         0  stm32f4xx_hal_gpio.o ABSOLUTE
    ../Drivers/STM32F4xx_HAL_Driver/Src/stm32f4xx_hal_hcd.c 0x00000000   Number         0  stm32f4xx_hal_hcd.o ABSOLUTE
    ../Drivers/STM32F4xx_HAL_Driver/Src/stm32f4xx_hal_pwr.c 0x00000000   Number         0  stm32f4xx_hal_pwr.o ABSOLUTE
    ../Drivers/STM32F4xx_HAL_Driver/Src/stm32f4xx_hal_pwr_ex.c 0x00000000   Number         0  stm32f4xx_hal_pwr_ex.o ABSOLUTE
    ../Drivers/STM32F4xx_HAL_Driver/Src/stm32f4xx_hal_rcc.c 0x00000000   Number         0  stm32f4xx_hal_rcc.o ABSOLUTE
    ../Drivers/STM32F4xx_HAL_Driver/Src/stm32f4xx_hal_rcc_ex.c 0x00000000   Number         0  stm32f4xx_hal_rcc_ex.o ABSOLUTE
    ../Drivers/STM32F4xx_HAL_Driver/Src/stm32f4xx_hal_spi.c 0x00000000   Number         0  stm32f4xx_hal_spi.o ABSOLUTE
    ../Drivers/STM32F4xx_HAL_Driver/Src/stm32f4xx_hal_tim.c 0x00000000   Number         0  stm32f4xx_hal_tim.o ABSOLUTE
    ../Drivers/STM32F4xx_HAL_Driver/Src/stm32f4xx_hal_tim_ex.c 0x00000000   Number         0  stm32f4xx_hal_tim_ex.o ABSOLUTE
    ../Drivers/STM32F4xx_HAL_Driver/Src/stm32f4xx_ll_usb.c 0x00000000   Number         0  stm32f4xx_ll_usb.o ABSOLUTE
    ../Middlewares/ST/STM32_USB_Host_Library/Class/AUDIO/Src/usbh_audio.c 0x00000000   Number         0  usbh_audio.o ABSOLUTE
    ../Middlewares/ST/STM32_USB_Host_Library/Core/Src/usbh_core.c 0x00000000   Number         0  usbh_core.o ABSOLUTE
    ../Middlewares/ST/STM32_USB_Host_Library/Core/Src/usbh_ctlreq.c 0x00000000   Number         0  usbh_ctlreq.o ABSOLUTE
    ../Middlewares/ST/STM32_USB_Host_Library/Core/Src/usbh_ioreq.c 0x00000000   Number         0  usbh_ioreq.o ABSOLUTE
    ../Middlewares/ST/STM32_USB_Host_Library/Core/Src/usbh_pipes.c 0x00000000   Number         0  usbh_pipes.o ABSOLUTE
    ../Src/main.c                            0x00000000   Number         0  main.o ABSOLUTE
    ../Src/stm32f4xx_hal_msp.c               0x00000000   Number         0  stm32f4xx_hal_msp.o ABSOLUTE
    ../Src/stm32f4xx_it.c                    0x00000000   Number         0  stm32f4xx_it.o ABSOLUTE
    ../Src/system_stm32f4xx.c                0x00000000   Number         0  system_stm32f4xx.o ABSOLUTE
    ../Src/usb_host.c                        0x00000000   Number         0  usb_host.o ABSOLUTE
    ../Src/usbh_conf.c                       0x00000000   Number         0  usbh_conf.o ABSOLUTE
    ../clib/microlib/division.c              0x00000000   Number         0  uidiv.o ABSOLUTE
    ../clib/microlib/division.c              0x00000000   Number         0  uldiv.o ABSOLUTE
    ../clib/microlib/init/entry.s            0x00000000   Number         0  entry2.o ABSOLUTE
    ../clib/microlib/init/entry.s            0x00000000   Number         0  entry5.o ABSOLUTE
    ../clib/microlib/init/entry.s            0x00000000   Number         0  entry7a.o ABSOLUTE
    ../clib/microlib/init/entry.s            0x00000000   Number         0  entry7b.o ABSOLUTE
    ../clib/microlib/init/entry.s            0x00000000   Number         0  entry8a.o ABSOLUTE
    ../clib/microlib/init/entry.s            0x00000000   Number         0  entry9b.o ABSOLUTE
    ../clib/microlib/init/entry.s            0x00000000   Number         0  entry8b.o ABSOLUTE
    ../clib/microlib/init/entry.s            0x00000000   Number         0  entry.o ABSOLUTE
    ../clib/microlib/init/entry.s            0x00000000   Number         0  entry11b.o ABSOLUTE
    ../clib/microlib/init/entry.s            0x00000000   Number         0  entry11a.o ABSOLUTE
    ../clib/microlib/init/entry.s            0x00000000   Number         0  entry10b.o ABSOLUTE
    ../clib/microlib/init/entry.s            0x00000000   Number         0  entry10a.o ABSOLUTE
    ../clib/microlib/init/entry.s            0x00000000   Number         0  entry9a.o ABSOLUTE
    ../clib/microlib/longlong.c              0x00000000   Number         0  llushr.o ABSOLUTE
    ../clib/microlib/longlong.c              0x00000000   Number         0  llshl.o ABSOLUTE
    ../clib/microlib/longlong.c              0x00000000   Number         0  llsshr.o ABSOLUTE
    ../clib/microlib/malloc/malloc.c         0x00000000   Number         0  mallocra.o ABSOLUTE
    ../clib/microlib/malloc/malloc.c         0x00000000   Number         0  malloca.o ABSOLUTE
    ../clib/microlib/malloc/malloc.c         0x00000000   Number         0  malloc.o ABSOLUTE
    ../clib/microlib/malloc/malloc.c         0x00000000   Number         0  mallocr.o ABSOLUTE
    ../clib/microlib/malloc/mvars.c          0x00000000   Number         0  mvars.o ABSOLUTE
    ../clib/microlib/printf/printf.c         0x00000000   Number         0  printf8.o ABSOLUTE
    ../clib/microlib/printf/printf.c         0x00000000   Number         0  printf2.o ABSOLUTE
    ../clib/microlib/printf/printf.c         0x00000000   Number         0  printfa.o ABSOLUTE
    ../clib/microlib/printf/printf.c         0x00000000   Number         0  printf0.o ABSOLUTE
    ../clib/microlib/printf/printf.c         0x00000000   Number         0  printf3.o ABSOLUTE
    ../clib/microlib/printf/printf.c         0x00000000   Number         0  printf7.o ABSOLUTE
    ../clib/microlib/printf/printf.c         0x00000000   Number         0  printf5.o ABSOLUTE
    ../clib/microlib/printf/printf.c         0x00000000   Number         0  printf6.o ABSOLUTE
    ../clib/microlib/printf/printf.c         0x00000000   Number         0  printf1.o ABSOLUTE
    ../clib/microlib/printf/printf.c         0x00000000   Number         0  printfb.o ABSOLUTE
    ../clib/microlib/printf/printf.c         0x00000000   Number         0  printf4.o ABSOLUTE
    ../clib/microlib/printf/stubs.s          0x00000000   Number         0  stubs.o ABSOLUTE
    ../clib/microlib/stdio/fputc.c           0x00000000   Number         0  fputc.o ABSOLUTE
    ../clib/microlib/stdio/semi.s            0x00000000   Number         0  semi.o ABSOLUTE
    ../clib/microlib/stdio/streams.c         0x00000000   Number         0  stdout.o ABSOLUTE
    ../clib/microlib/string/memcpy.c         0x00000000   Number         0  memcpyb.o ABSOLUTE
    ../clib/microlib/string/memcpy.c         0x00000000   Number         0  memcpya.o ABSOLUTE
    ../clib/microlib/string/memset.c         0x00000000   Number         0  memseta.o ABSOLUTE
    ../clib/microlib/string/strlen.c         0x00000000   Number         0  strlen.o ABSOLUTE
    ../clib/microlib/stubs.s                 0x00000000   Number         0  iusesemip.o ABSOLUTE
    ../clib/microlib/stubs.s                 0x00000000   Number         0  iusefp.o ABSOLUTE
    ../fplib/microlib/fpadd.c                0x00000000   Number         0  dadd.o ABSOLUTE
    ../fplib/microlib/fpdiv.c                0x00000000   Number         0  ddiv.o ABSOLUTE
    ../fplib/microlib/fpepilogue.c           0x00000000   Number         0  depilogue.o ABSOLUTE
    ../fplib/microlib/fpfix.c                0x00000000   Number         0  dfixul.o ABSOLUTE
    ../fplib/microlib/fpmul.c                0x00000000   Number         0  dmul.o ABSOLUTE
    ..\Drivers\STM32F4xx_HAL_Driver\Src\stm32f4xx_hal.c 0x00000000   Number         0  stm32f4xx_hal.o ABSOLUTE
    ..\Drivers\STM32F4xx_HAL_Driver\Src\stm32f4xx_hal_cortex.c 0x00000000   Number         0  stm32f4xx_hal_cortex.o ABSOLUTE
    ..\Drivers\STM32F4xx_HAL_Driver\Src\stm32f4xx_hal_dma.c 0x00000000   Number         0  stm32f4xx_hal_dma.o ABSOLUTE
    ..\Drivers\STM32F4xx_HAL_Driver\Src\stm32f4xx_hal_dma_ex.c 0x00000000   Number         0  stm32f4xx_hal_dma_ex.o ABSOLUTE
    ..\Drivers\STM32F4xx_HAL_Driver\Src\stm32f4xx_hal_flash.c 0x00000000   Number         0  stm32f4xx_hal_flash.o ABSOLUTE
    ..\Drivers\STM32F4xx_HAL_Driver\Src\stm32f4xx_hal_flash_ex.c 0x00000000   Number         0  stm32f4xx_hal_flash_ex.o ABSOLUTE
    ..\Drivers\STM32F4xx_HAL_Driver\Src\stm32f4xx_hal_flash_ramfunc.c 0x00000000   Number         0  stm32f4xx_hal_flash_ramfunc.o ABSOLUTE
    ..\Drivers\STM32F4xx_HAL_Driver\Src\stm32f4xx_hal_gpio.c 0x00000000   Number         0  stm32f4xx_hal_gpio.o ABSOLUTE
    ..\Drivers\STM32F4xx_HAL_Driver\Src\stm32f4xx_hal_hcd.c 0x00000000   Number         0  stm32f4xx_hal_hcd.o ABSOLUTE
    ..\Drivers\STM32F4xx_HAL_Driver\Src\stm32f4xx_hal_pwr.c 0x00000000   Number         0  stm32f4xx_hal_pwr.o ABSOLUTE
    ..\Drivers\STM32F4xx_HAL_Driver\Src\stm32f4xx_hal_pwr_ex.c 0x00000000   Number         0  stm32f4xx_hal_pwr_ex.o ABSOLUTE
    ..\Drivers\STM32F4xx_HAL_Driver\Src\stm32f4xx_hal_rcc.c 0x00000000   Number         0  stm32f4xx_hal_rcc.o ABSOLUTE
    ..\Drivers\STM32F4xx_HAL_Driver\Src\stm32f4xx_hal_rcc_ex.c 0x00000000   Number         0  stm32f4xx_hal_rcc_ex.o ABSOLUTE
    ..\Drivers\STM32F4xx_HAL_Driver\Src\stm32f4xx_hal_spi.c 0x00000000   Number         0  stm32f4xx_hal_spi.o ABSOLUTE
    ..\Drivers\STM32F4xx_HAL_Driver\Src\stm32f4xx_hal_tim.c 0x00000000   Number         0  stm32f4xx_hal_tim.o ABSOLUTE
    ..\Drivers\STM32F4xx_HAL_Driver\Src\stm32f4xx_hal_tim_ex.c 0x00000000   Number         0  stm32f4xx_hal_tim_ex.o ABSOLUTE
    ..\Drivers\STM32F4xx_HAL_Driver\Src\stm32f4xx_ll_usb.c 0x00000000   Number         0  stm32f4xx_ll_usb.o ABSOLUTE
    ..\Middlewares\ST\STM32_USB_Host_Library\Class\AUDIO\Src\usbh_audio.c 0x00000000   Number         0  usbh_audio.o ABSOLUTE
    ..\Middlewares\ST\STM32_USB_Host_Library\Core\Src\usbh_core.c 0x00000000   Number         0  usbh_core.o ABSOLUTE
    ..\Middlewares\ST\STM32_USB_Host_Library\Core\Src\usbh_ctlreq.c 0x00000000   Number         0  usbh_ctlreq.o ABSOLUTE
    ..\Middlewares\ST\STM32_USB_Host_Library\Core\Src\usbh_ioreq.c 0x00000000   Number         0  usbh_ioreq.o ABSOLUTE
    ..\Middlewares\ST\STM32_USB_Host_Library\Core\Src\usbh_pipes.c 0x00000000   Number         0  usbh_pipes.o ABSOLUTE
    ..\Src\flironecontrol.c                  0x00000000   Number         0  flironecontrol.o ABSOLUTE
    ..\Src\hx8347d.c                         0x00000000   Number         0  hx8347d.o ABSOLUTE
    ..\Src\main.c                            0x00000000   Number         0  main.o ABSOLUTE
    ..\Src\stm32f4xx_hal_msp.c               0x00000000   Number         0  stm32f4xx_hal_msp.o ABSOLUTE
    ..\Src\stm32f4xx_it.c                    0x00000000   Number         0  stm32f4xx_it.o ABSOLUTE
    ..\Src\system_stm32f4xx.c                0x00000000   Number         0  system_stm32f4xx.o ABSOLUTE
    ..\Src\usb_host.c                        0x00000000   Number         0  usb_host.o ABSOLUTE
    ..\Src\usbh_conf.c                       0x00000000   Number         0  usbh_conf.o ABSOLUTE
    ..\\Src\\flironecontrol.c                0x00000000   Number         0  flironecontrol.o ABSOLUTE
    ..\\Src\\hx8347d.c                       0x00000000   Number         0  hx8347d.o ABSOLUTE
    cdrcmple.s                               0x00000000   Number         0  cdrcmple.o ABSOLUTE
    dc.s                                     0x00000000   Number         0  dc.o ABSOLUTE
    handlers.s                               0x00000000   Number         0  handlers.o ABSOLUTE
    init.s                                   0x00000000   Number         0  init.o ABSOLUTE
    startup_stm32f407xx.s                    0x00000000   Number         0  startup_stm32f407xx.o ABSOLUTE
    RESET                                    0x08000000   Section      392  startup_stm32f407xx.o(RESET)
    .ARM.Collect$$$$00000000                 0x08000188   Section        0  entry.o(.ARM.Collect$$$$00000000)
    .ARM.Collect$$$$00000001                 0x08000188   Section        4  entry2.o(.ARM.Collect$$$$00000001)
    .ARM.Collect$$$$00000004                 0x0800018c   Section        4  entry5.o(.ARM.Collect$$$$00000004)
    .ARM.Collect$$$$00000008                 0x08000190   Section        0  entry7b.o(.ARM.Collect$$$$00000008)
    .ARM.Collect$$$$0000000A                 0x08000190   Section        0  entry8b.o(.ARM.Collect$$$$0000000A)
    .ARM.Collect$$$$0000000B                 0x08000190   Section        8  entry9a.o(.ARM.Collect$$$$0000000B)
    .ARM.Collect$$$$0000000D                 0x08000198   Section        0  entry10a.o(.ARM.Collect$$$$0000000D)
    .ARM.Collect$$$$0000000F                 0x08000198   Section        0  entry11a.o(.ARM.Collect$$$$0000000F)
    .ARM.Collect$$$$00002712                 0x08000198   Section        4  entry2.o(.ARM.Collect$$$$00002712)
    __lit__00000000                          0x08000198   Data           4  entry2.o(.ARM.Collect$$$$00002712)
    .text                                    0x0800019c   Section       36  startup_stm32f407xx.o(.text)
    $v0                                      0x0800019c   Number         0  startup_stm32f407xx.o(.text)
    .text                                    0x080001c0   Section        0  memseta.o(.text)
    .text                                    0x080001e4   Section        0  strlen.o(.text)
    .text                                    0x080001f2   Section        0  uldiv.o(.text)
    .text                                    0x08000254   Section       36  init.o(.text)
    .text                                    0x08000278   Section        0  llshl.o(.text)
    .text                                    0x08000296   Section        0  llushr.o(.text)
    i.BusFault_Handler                       0x080002b6   Section        0  stm32f4xx_it.o(i.BusFault_Handler)
    i.DebugMon_Handler                       0x080002b8   Section        0  stm32f4xx_it.o(i.DebugMon_Handler)
    i.FLIR_ONE_CalculateCRC                  0x080002ba   Section        0  flironecontrol.o(i.FLIR_ONE_CalculateCRC)
    i.FLIR_ONE_CreateImage                   0x080002fc   Section        0  flironecontrol.o(i.FLIR_ONE_CreateImage)
    i.FLIR_ONE_Init                          0x080006a8   Section        0  flironecontrol.o(i.FLIR_ONE_Init)
    i.FLIR_ONE_PopShort                      0x080006f4   Section        0  flironecontrol.o(i.FLIR_ONE_PopShort)
    i.HAL_Delay                              0x08000764   Section        0  stm32f4xx_hal.o(i.HAL_Delay)
    i.HAL_GPIO_Init                          0x08000784   Section        0  stm32f4xx_hal_gpio.o(i.HAL_GPIO_Init)
    i.HAL_GPIO_WritePin                      0x080009bc   Section        0  stm32f4xx_hal_gpio.o(i.HAL_GPIO_WritePin)
    i.HAL_GetTick                            0x080009c8   Section        0  stm32f4xx_hal.o(i.HAL_GetTick)
    i.HAL_HCD_Connect_Callback               0x080009d4   Section        0  usbh_conf.o(i.HAL_HCD_Connect_Callback)
    i.HAL_HCD_Disconnect_Callback            0x080009dc   Section        0  usbh_conf.o(i.HAL_HCD_Disconnect_Callback)
    i.HAL_HCD_GetCurrentFrame                0x080009e4   Section        0  stm32f4xx_hal_hcd.o(i.HAL_HCD_GetCurrentFrame)
    i.HAL_HCD_GetCurrentSpeed                0x080009ea   Section        0  stm32f4xx_hal_hcd.o(i.HAL_HCD_GetCurrentSpeed)
    i.HAL_HCD_HC_GetURBState                 0x080009f0   Section        0  stm32f4xx_hal_hcd.o(i.HAL_HCD_HC_GetURBState)
    i.HAL_HCD_HC_GetXferCount                0x08000a00   Section        0  stm32f4xx_hal_hcd.o(i.HAL_HCD_HC_GetXferCount)
    i.HAL_HCD_HC_Halt                        0x08000a10   Section        0  stm32f4xx_hal_hcd.o(i.HAL_HCD_HC_Halt)
    i.HAL_HCD_HC_Init                        0x08000a34   Section        0  stm32f4xx_hal_hcd.o(i.HAL_HCD_HC_Init)
    i.HAL_HCD_HC_NotifyURBChange_Callback    0x08000a9c   Section        0  usbh_conf.o(i.HAL_HCD_HC_NotifyURBChange_Callback)
    i.HAL_HCD_HC_SubmitRequest               0x08000a9e   Section        0  stm32f4xx_hal_hcd.o(i.HAL_HCD_HC_SubmitRequest)
    i.HAL_HCD_IRQHandler                     0x08000b7c   Section        0  stm32f4xx_hal_hcd.o(i.HAL_HCD_IRQHandler)
    i.HAL_HCD_Init                           0x080012a4   Section        0  stm32f4xx_hal_hcd.o(i.HAL_HCD_Init)
    i.HAL_HCD_MspInit                        0x08001314   Section        0  usbh_conf.o(i.HAL_HCD_MspInit)
    i.HAL_HCD_ResetPort                      0x08001380   Section        0  stm32f4xx_hal_hcd.o(i.HAL_HCD_ResetPort)
    i.HAL_HCD_SOF_Callback                   0x08001386   Section        0  usbh_conf.o(i.HAL_HCD_SOF_Callback)
    i.HAL_HCD_Start                          0x0800138e   Section        0  stm32f4xx_hal_hcd.o(i.HAL_HCD_Start)
    i.HAL_HCD_Stop                           0x080013ba   Section        0  stm32f4xx_hal_hcd.o(i.HAL_HCD_Stop)
    i.HAL_IncTick                            0x080013e0   Section        0  stm32f4xx_hal.o(i.HAL_IncTick)
    i.HAL_Init                               0x080013f0   Section        0  stm32f4xx_hal.o(i.HAL_Init)
    i.HAL_InitTick                           0x08001424   Section        0  stm32f4xx_hal.o(i.HAL_InitTick)
    i.HAL_MspInit                            0x0800144c   Section        0  stm32f4xx_hal_msp.o(i.HAL_MspInit)
    i.HAL_NVIC_EnableIRQ                     0x080014a4   Section        0  stm32f4xx_hal_cortex.o(i.HAL_NVIC_EnableIRQ)
    i.HAL_NVIC_SetPriority                   0x080014bc   Section        0  stm32f4xx_hal_cortex.o(i.HAL_NVIC_SetPriority)
    i.HAL_NVIC_SetPriorityGrouping           0x08001520   Section        0  stm32f4xx_hal_cortex.o(i.HAL_NVIC_SetPriorityGrouping)
    i.HAL_RCC_ClockConfig                    0x08001544   Section        0  stm32f4xx_hal_rcc.o(i.HAL_RCC_ClockConfig)
    i.HAL_RCC_GetHCLKFreq                    0x080016dc   Section        0  stm32f4xx_hal_rcc.o(i.HAL_RCC_GetHCLKFreq)
    i.HAL_RCC_GetSysClockFreq                0x080016e8   Section        0  stm32f4xx_hal_rcc.o(i.HAL_RCC_GetSysClockFreq)
    i.HAL_RCC_OscConfig                      0x0800177c   Section        0  stm32f4xx_hal_rcc.o(i.HAL_RCC_OscConfig)
    i.HAL_SPI_Init                           0x08001b30   Section        0  stm32f4xx_hal_spi.o(i.HAL_SPI_Init)
    i.HAL_SPI_MspInit                        0x08001ba8   Section        0  stm32f4xx_hal_msp.o(i.HAL_SPI_MspInit)
    i.HAL_SYSTICK_CLKSourceConfig            0x08001c10   Section        0  stm32f4xx_hal_cortex.o(i.HAL_SYSTICK_CLKSourceConfig)
    i.HAL_SYSTICK_Callback                   0x08001c26   Section        0  stm32f4xx_hal_cortex.o(i.HAL_SYSTICK_Callback)
    i.HAL_SYSTICK_Config                     0x08001c28   Section        0  stm32f4xx_hal_cortex.o(i.HAL_SYSTICK_Config)
    i.HAL_SYSTICK_IRQHandler                 0x08001c54   Section        0  stm32f4xx_hal_cortex.o(i.HAL_SYSTICK_IRQHandler)
    i.HX8347D_Clear                          0x08001c5c   Section        0  hx8347d.o(i.HX8347D_Clear)
    i.HX8347D_Init                           0x08001ca8   Section        0  hx8347d.o(i.HX8347D_Init)
    i.HX8347D_Print                          0x08001ec8   Section        0  hx8347d.o(i.HX8347D_Print)
    i.HX8347D_SetWindow                      0x08001ecc   Section        0  hx8347d.o(i.HX8347D_SetWindow)
    i.HX8347D_Write16                        0x08002024   Section        0  hx8347d.o(i.HX8347D_Write16)
    i.HardFault_Handler                      0x0800207c   Section        0  stm32f4xx_it.o(i.HardFault_Handler)
    i.MODE_DisableShuttering                 0x08002080   Section        0  main.o(i.MODE_DisableShuttering)
    i.MODE_EnableShuttering                  0x08002144   Section        0  main.o(i.MODE_EnableShuttering)
    i.MODE_GetInterface                      0x08002208   Section        0  main.o(i.MODE_GetInterface)
    i.MODE_GetStatusEP                       0x08002288   Section        0  main.o(i.MODE_GetStatusEP)
    i.MODE_InitPipe                          0x08002310   Section        0  main.o(i.MODE_InitPipe)
    i.MODE_PrintDeviceParam                  0x0800240c   Section        0  main.o(i.MODE_PrintDeviceParam)
    i.MX_USB_HOST_Init                       0x08002540   Section        0  usb_host.o(i.MX_USB_HOST_Init)
    i.MX_USB_HOST_Process                    0x08002560   Section        0  usb_host.o(i.MX_USB_HOST_Process)
    i.MemManage_Handler                      0x0800256c   Section        0  stm32f4xx_it.o(i.MemManage_Handler)
    i.NMI_Handler                            0x0800256e   Section        0  stm32f4xx_it.o(i.NMI_Handler)
    i.OTG_FS_IRQHandler                      0x08002570   Section        0  stm32f4xx_it.o(i.OTG_FS_IRQHandler)
    i.PendSV_Handler                         0x0800257c   Section        0  stm32f4xx_it.o(i.PendSV_Handler)
    i.SVC_Handler                            0x0800257e   Section        0  stm32f4xx_it.o(i.SVC_Handler)
    i.SysTick_Handler                        0x08002580   Section        0  stm32f4xx_it.o(i.SysTick_Handler)
    i.SystemInit                             0x08002590   Section        0  system_stm32f4xx.o(i.SystemInit)
    i.USBH_AllocPipe                         0x080025e8   Section        0  usbh_pipes.o(i.USBH_AllocPipe)
    i.USBH_BulkReceiveData                   0x08002624   Section        0  usbh_ioreq.o(i.USBH_BulkReceiveData)
    i.USBH_BulkSendData                      0x0800264a   Section        0  usbh_ioreq.o(i.USBH_BulkSendData)
    i.USBH_ClosePipe                         0x0800267a   Section        0  usbh_pipes.o(i.USBH_ClosePipe)
    i.USBH_CtlReceiveData                    0x08002684   Section        0  usbh_ioreq.o(i.USBH_CtlReceiveData)
    i.USBH_CtlReq                            0x080026aa   Section        0  usbh_ctlreq.o(i.USBH_CtlReq)
    i.USBH_CtlSendData                       0x08002846   Section        0  usbh_ioreq.o(i.USBH_CtlSendData)
    i.USBH_CtlSendSetup                      0x08002876   Section        0  usbh_ioreq.o(i.USBH_CtlSendSetup)
    i.USBH_Delay                             0x08002898   Section        0  usbh_conf.o(i.USBH_Delay)
    i.USBH_FreePipe                          0x0800289c   Section        0  usbh_pipes.o(i.USBH_FreePipe)
    i.USBH_Get_CfgDesc                       0x080028b4   Section        0  usbh_ctlreq.o(i.USBH_Get_CfgDesc)
    i.USBH_Get_DevDesc                       0x08002a04   Section        0  usbh_ctlreq.o(i.USBH_Get_DevDesc)
    i.USBH_Get_StringDesc                    0x08002ad0   Section        0  usbh_ctlreq.o(i.USBH_Get_StringDesc)
    i.USBH_Init                              0x08002b60   Section        0  usbh_core.o(i.USBH_Init)
    i.USBH_LL_ClosePipe                      0x08002bcc   Section        0  usbh_conf.o(i.USBH_LL_ClosePipe)
    i.USBH_LL_Connect                        0x08002bec   Section        0  usbh_core.o(i.USBH_LL_Connect)
    i.USBH_LL_Disconnect                     0x08002c14   Section        0  usbh_core.o(i.USBH_LL_Disconnect)
    i.USBH_LL_DriverVBUS                     0x08002c4c   Section        0  usbh_conf.o(i.USBH_LL_DriverVBUS)
    i.USBH_LL_GetLastXferSize                0x08002c58   Section        0  usbh_conf.o(i.USBH_LL_GetLastXferSize)
    i.USBH_LL_GetSpeed                       0x08002c60   Section        0  usbh_conf.o(i.USBH_LL_GetSpeed)
    i.USBH_LL_GetURBState                    0x08002c80   Section        0  usbh_conf.o(i.USBH_LL_GetURBState)
    i.USBH_LL_IncTimer                       0x08002c88   Section        0  usbh_core.o(i.USBH_LL_IncTimer)
    i.USBH_LL_Init                           0x08002ca8   Section        0  usbh_conf.o(i.USBH_LL_Init)
    i.USBH_LL_OpenPipe                       0x08002d10   Section        0  usbh_conf.o(i.USBH_LL_OpenPipe)
    i.USBH_LL_ResetPort                      0x08002d44   Section        0  usbh_conf.o(i.USBH_LL_ResetPort)
    i.USBH_LL_SetTimer                       0x08002d64   Section        0  usbh_core.o(i.USBH_LL_SetTimer)
    i.USBH_LL_Start                          0x08002d6a   Section        0  usbh_conf.o(i.USBH_LL_Start)
    i.USBH_LL_Stop                           0x08002d8a   Section        0  usbh_conf.o(i.USBH_LL_Stop)
    i.USBH_LL_SubmitURB                      0x08002daa   Section        0  usbh_conf.o(i.USBH_LL_SubmitURB)
    i.USBH_OpenPipe                          0x08002dd8   Section        0  usbh_pipes.o(i.USBH_OpenPipe)
    i.USBH_Process                           0x08002df4   Section        0  usbh_core.o(i.USBH_Process)
    i.USBH_SetAddress                        0x080030e2   Section        0  usbh_ctlreq.o(i.USBH_SetAddress)
    i.USBH_SetCfg                            0x080030fe   Section        0  usbh_ctlreq.o(i.USBH_SetCfg)
    i.USBH_SetInterface                      0x0800311a   Section        0  usbh_ctlreq.o(i.USBH_SetInterface)
    i.USBH_Start                             0x08003136   Section        0  usbh_core.o(i.USBH_Start)
    i.USBH_UserProcess                       0x0800314c   Section        0  usb_host.o(i.USBH_UserProcess)
    USBH_UserProcess                         0x0800314d   Thumb Code    34  usb_host.o(i.USBH_UserProcess)
    i.USB_CoreInit                           0x08003174   Section        0  stm32f4xx_ll_usb.o(i.USB_CoreInit)
    i.USB_DisableGlobalInt                   0x08003230   Section        0  stm32f4xx_ll_usb.o(i.USB_DisableGlobalInt)
    i.USB_DoPing                             0x0800323c   Section        0  stm32f4xx_ll_usb.o(i.USB_DoPing)
    i.USB_DriveVbus                          0x08003284   Section        0  stm32f4xx_ll_usb.o(i.USB_DriveVbus)
    i.USB_EnableGlobalInt                    0x080032ba   Section        0  stm32f4xx_ll_usb.o(i.USB_EnableGlobalInt)
    i.USB_GetCurrentFrame                    0x080032c6   Section        0  stm32f4xx_ll_usb.o(i.USB_GetCurrentFrame)
    i.USB_GetHostSpeed                       0x080032ce   Section        0  stm32f4xx_ll_usb.o(i.USB_GetHostSpeed)
    i.USB_GetMode                            0x080032de   Section        0  stm32f4xx_ll_usb.o(i.USB_GetMode)
    i.USB_HC_Halt                            0x080032e6   Section        0  stm32f4xx_ll_usb.o(i.USB_HC_Halt)
    i.USB_HC_Init                            0x0800343a   Section        0  stm32f4xx_ll_usb.o(i.USB_HC_Init)
    i.USB_HC_ReadInterrupt                   0x08003520   Section        0  stm32f4xx_ll_usb.o(i.USB_HC_ReadInterrupt)
    i.USB_HC_StartXfer                       0x0800352c   Section        0  stm32f4xx_ll_usb.o(i.USB_HC_StartXfer)
    i.USB_HOST_Processing                    0x08003734   Section        0  main.o(i.USB_HOST_Processing)
    i.USB_HOST_Receive                       0x08003a3c   Section        0  main.o(i.USB_HOST_Receive)
    i.USB_HostInit                           0x08003b54   Section        0  stm32f4xx_ll_usb.o(i.USB_HostInit)
    i.USB_InitFSLSPClkSel                    0x08003c70   Section        0  stm32f4xx_ll_usb.o(i.USB_InitFSLSPClkSel)
    i.USB_ReadInterrupts                     0x08003ca6   Section        0  stm32f4xx_ll_usb.o(i.USB_ReadInterrupts)
    i.USB_ReadPacket                         0x08003cb0   Section        0  stm32f4xx_ll_usb.o(i.USB_ReadPacket)
    i.USB_ResetPort                          0x08003cea   Section        0  stm32f4xx_ll_usb.o(i.USB_ResetPort)
    i.USB_SetCurrentMode                     0x08003d14   Section        0  stm32f4xx_ll_usb.o(i.USB_SetCurrentMode)
    i.USB_StopHost                           0x08003d44   Section        0  stm32f4xx_ll_usb.o(i.USB_StopHost)
    i.UsageFault_Handler                     0x08003e2c   Section        0  stm32f4xx_it.o(i.UsageFault_Handler)
    i._Error_Handler                         0x08003e2e   Section        0  main.o(i._Error_Handler)
    i.__0sprintf$8                           0x08003e30   Section        0  printf8.o(i.__0sprintf$8)
    i.__scatterload_copy                     0x08003e58   Section       14  handlers.o(i.__scatterload_copy)
    i.__scatterload_null                     0x08003e66   Section        2  handlers.o(i.__scatterload_null)
    i.__scatterload_zeroinit                 0x08003e68   Section       14  handlers.o(i.__scatterload_zeroinit)
    i._printf_core                           0x08003e78   Section        0  printf8.o(i._printf_core)
    _printf_core                             0x08003e79   Thumb Code   996  printf8.o(i._printf_core)
    i._printf_post_padding                   0x08004288   Section        0  printf8.o(i._printf_post_padding)
    _printf_post_padding                     0x08004289   Thumb Code    36  printf8.o(i._printf_post_padding)
    i._printf_pre_padding                    0x080042ac   Section        0  printf8.o(i._printf_pre_padding)
    _printf_pre_padding                      0x080042ad   Thumb Code    46  printf8.o(i._printf_pre_padding)
    i._sputc                                 0x080042da   Section        0  printf8.o(i._sputc)
    _sputc                                   0x080042db   Thumb Code    10  printf8.o(i._sputc)
    i.main                                   0x080042e4   Section        0  main.o(i.main)
    .constdata                               0x0800444c   Section       16  system_stm32f4xx.o(.constdata)
    .constdata                               0x0800445c   Section        4  main.o(.constdata)
    .constdata                               0x08004460   Section      580  hx8347d.o(.constdata)
    .bss                                     0x10000000   Section    44544  main.o(.bss)
    ReceiveBlockBuffer_Ptr                   0x10000600   Data       43008  main.o(.bss)
    .data                                    0x20000000   Section        4  system_stm32f4xx.o(.data)
    .data                                    0x20000004   Section        4  stm32f4xx_hal.o(.data)
    .data                                    0x20000008   Section        4  usb_host.o(.data)
    .data                                    0x2000000c   Section       56  main.o(.data)
    state_pos                                0x20000010   Data           4  main.o(.data)
    state                                    0x20000018   Data          44  main.o(.data)
    .data                                    0x20000044   Section        8  flironecontrol.o(.data)
    magic_byte                               0x20000044   Data           4  flironecontrol.o(.data)
    .bss                                     0x2000004c   Section      728  usbh_conf.o(.bss)
    .bss                                     0x20000324   Section     1188  usb_host.o(.bss)
    .bss                                     0x200007c8   Section    83960  flironecontrol.o(.bss)
    sFlirOneControl                          0x200007c8   Data       83960  flironecontrol.o(.bss)
    STACK                                    0x20014fc0   Section     1024  startup_stm32f407xx.o(STACK)

    Global Symbols

    Symbol Name                              Value     Ov Type        Size  Object(Section)

    BuildAttributes$$THM_ISAv4$E$P$D$K$B$S$7EM$VFPi3$EXTD16$VFPS$VFMA$PE$A:L22UL41UL21$X:L11$S22US41US21$IEEE1$IW$USESV6$~STKCKD$USESV7$ENUMINT$~SHL$OTIME$ROPI$EBA8$MICROLIB$REQ8$PRES8$EABIv2 0x00000000   Number         0  anon$$obj.o ABSOLUTE
    __ARM_use_no_argv                        0x00000000   Number         0  main.o ABSOLUTE
    _printf_a                                0x00000000   Number         0  stubs.o ABSOLUTE
    _printf_c                                0x00000000   Number         0  stubs.o ABSOLUTE
    _printf_charcount                        0x00000000   Number         0  stubs.o ABSOLUTE
    _printf_d                                0x00000000   Number         0  stubs.o ABSOLUTE
    _printf_e                                0x00000000   Number         0  stubs.o ABSOLUTE
    _printf_f                                0x00000000   Number         0  stubs.o ABSOLUTE
    _printf_flags                            0x00000000   Number         0  stubs.o ABSOLUTE
    _printf_fp_dec                           0x00000000   Number         0  stubs.o ABSOLUTE
    _printf_fp_hex                           0x00000000   Number         0  stubs.o ABSOLUTE
    _printf_g                                0x00000000   Number         0  stubs.o ABSOLUTE
    _printf_i                                0x00000000   Number         0  stubs.o ABSOLUTE
    _printf_int_dec                          0x00000000   Number         0  stubs.o ABSOLUTE
    _printf_l                                0x00000000   Number         0  stubs.o ABSOLUTE
    _printf_lc                               0x00000000   Number         0  stubs.o ABSOLUTE
    _printf_ll                               0x00000000   Number         0  stubs.o ABSOLUTE
    _printf_lld                              0x00000000   Number         0  stubs.o ABSOLUTE
    _printf_lli                              0x00000000   Number         0  stubs.o ABSOLUTE
    _printf_llo                              0x00000000   Number         0  stubs.o ABSOLUTE
    _printf_llu                              0x00000000   Number         0  stubs.o ABSOLUTE
    _printf_llx                              0x00000000   Number         0  stubs.o ABSOLUTE
    _printf_longlong_dec                     0x00000000   Number         0  stubs.o ABSOLUTE
    _printf_longlong_hex                     0x00000000   Number         0  stubs.o ABSOLUTE
    _printf_longlong_oct                     0x00000000   Number         0  stubs.o ABSOLUTE
    _printf_ls                               0x00000000   Number         0  stubs.o ABSOLUTE
    _printf_mbtowc                           0x00000000   Number         0  stubs.o ABSOLUTE
    _printf_n                                0x00000000   Number         0  stubs.o ABSOLUTE
    _printf_o                                0x00000000   Number         0  stubs.o ABSOLUTE
    _printf_p                                0x00000000   Number         0  stubs.o ABSOLUTE
    _printf_percent                          0x00000000   Number         0  stubs.o ABSOLUTE
    _printf_pre_padding                      0x00000000   Number         0  stubs.o ABSOLUTE
    _printf_return_value                     0x00000000   Number         0  stubs.o ABSOLUTE
    _printf_s                                0x00000000   Number         0  stubs.o ABSOLUTE
    _printf_sizespec                         0x00000000   Number         0  stubs.o ABSOLUTE
    _printf_str                              0x00000000   Number         0  stubs.o ABSOLUTE
    _printf_truncate_signed                  0x00000000   Number         0  stubs.o ABSOLUTE
    _printf_truncate_unsigned                0x00000000   Number         0  stubs.o ABSOLUTE
    _printf_u                                0x00000000   Number         0  stubs.o ABSOLUTE
    _printf_wc                               0x00000000   Number         0  stubs.o ABSOLUTE
    _printf_wctomb                           0x00000000   Number         0  stubs.o ABSOLUTE
    _printf_widthprec                        0x00000000   Number         0  stubs.o ABSOLUTE
    _printf_x                                0x00000000   Number         0  stubs.o ABSOLUTE
    __cpp_initialize__aeabi_                  - Undefined Weak Reference
    __cxa_finalize                            - Undefined Weak Reference
    __decompress                              - Undefined Weak Reference
    _clock_init                               - Undefined Weak Reference
    _microlib_exit                            - Undefined Weak Reference
    __Vectors_Size                           0x00000188   Number         0  startup_stm32f407xx.o ABSOLUTE
    __Vectors                                0x08000000   Data           4  startup_stm32f407xx.o(RESET)
    __Vectors_End                            0x08000188   Data           0  startup_stm32f407xx.o(RESET)
    __main                                   0x08000189   Thumb Code     0  entry.o(.ARM.Collect$$$$00000000)
    _main_stk                                0x08000189   Thumb Code     0  entry2.o(.ARM.Collect$$$$00000001)
    _main_scatterload                        0x0800018d   Thumb Code     0  entry5.o(.ARM.Collect$$$$00000004)
    __main_after_scatterload                 0x08000191   Thumb Code     0  entry5.o(.ARM.Collect$$$$00000004)
    _main_clock                              0x08000191   Thumb Code     0  entry7b.o(.ARM.Collect$$$$00000008)
    _main_cpp_init                           0x08000191   Thumb Code     0  entry8b.o(.ARM.Collect$$$$0000000A)
    _main_init                               0x08000191   Thumb Code     0  entry9a.o(.ARM.Collect$$$$0000000B)
    __rt_final_cpp                           0x08000199   Thumb Code     0  entry10a.o(.ARM.Collect$$$$0000000D)
    __rt_final_exit                          0x08000199   Thumb Code     0  entry11a.o(.ARM.Collect$$$$0000000F)
    Reset_Handler                            0x0800019d   Thumb Code     8  startup_stm32f407xx.o(.text)
    ADC_IRQHandler                           0x080001b7   Thumb Code     0  startup_stm32f407xx.o(.text)
    CAN1_RX0_IRQHandler                      0x080001b7   Thumb Code     0  startup_stm32f407xx.o(.text)
    CAN1_RX1_IRQHandler                      0x080001b7   Thumb Code     0  startup_stm32f407xx.o(.text)
    CAN1_SCE_IRQHandler                      0x080001b7   Thumb Code     0  startup_stm32f407xx.o(.text)
    CAN1_TX_IRQHandler                       0x080001b7   Thumb Code     0  startup_stm32f407xx.o(.text)
    CAN2_RX0_IRQHandler                      0x080001b7   Thumb Code     0  startup_stm32f407xx.o(.text)
    CAN2_RX1_IRQHandler                      0x080001b7   Thumb Code     0  startup_stm32f407xx.o(.text)
    CAN2_SCE_IRQHandler                      0x080001b7   Thumb Code     0  startup_stm32f407xx.o(.text)
    CAN2_TX_IRQHandler                       0x080001b7   Thumb Code     0  startup_stm32f407xx.o(.text)
    DCMI_IRQHandler                          0x080001b7   Thumb Code     0  startup_stm32f407xx.o(.text)
    DMA1_Stream0_IRQHandler                  0x080001b7   Thumb Code     0  startup_stm32f407xx.o(.text)
    DMA1_Stream1_IRQHandler                  0x080001b7   Thumb Code     0  startup_stm32f407xx.o(.text)
    DMA1_Stream2_IRQHandler                  0x080001b7   Thumb Code     0  startup_stm32f407xx.o(.text)
    DMA1_Stream3_IRQHandler                  0x080001b7   Thumb Code     0  startup_stm32f407xx.o(.text)
    DMA1_Stream4_IRQHandler                  0x080001b7   Thumb Code     0  startup_stm32f407xx.o(.text)
    DMA1_Stream5_IRQHandler                  0x080001b7   Thumb Code     0  startup_stm32f407xx.o(.text)
    DMA1_Stream6_IRQHandler                  0x080001b7   Thumb Code     0  startup_stm32f407xx.o(.text)
    DMA1_Stream7_IRQHandler                  0x080001b7   Thumb Code     0  startup_stm32f407xx.o(.text)
    DMA2_Stream0_IRQHandler                  0x080001b7   Thumb Code     0  startup_stm32f407xx.o(.text)
    DMA2_Stream1_IRQHandler                  0x080001b7   Thumb Code     0  startup_stm32f407xx.o(.text)
    DMA2_Stream2_IRQHandler                  0x080001b7   Thumb Code     0  startup_stm32f407xx.o(.text)
    DMA2_Stream3_IRQHandler                  0x080001b7   Thumb Code     0  startup_stm32f407xx.o(.text)
    DMA2_Stream4_IRQHandler                  0x080001b7   Thumb Code     0  startup_stm32f407xx.o(.text)
    DMA2_Stream5_IRQHandler                  0x080001b7   Thumb Code     0  startup_stm32f407xx.o(.text)
    DMA2_Stream6_IRQHandler                  0x080001b7   Thumb Code     0  startup_stm32f407xx.o(.text)
    DMA2_Stream7_IRQHandler                  0x080001b7   Thumb Code     0  startup_stm32f407xx.o(.text)
    ETH_IRQHandler                           0x080001b7   Thumb Code     0  startup_stm32f407xx.o(.text)
    ETH_WKUP_IRQHandler                      0x080001b7   Thumb Code     0  startup_stm32f407xx.o(.text)
    EXTI0_IRQHandler                         0x080001b7   Thumb Code     0  startup_stm32f407xx.o(.text)
    EXTI15_10_IRQHandler                     0x080001b7   Thumb Code     0  startup_stm32f407xx.o(.text)
    EXTI1_IRQHandler                         0x080001b7   Thumb Code     0  startup_stm32f407xx.o(.text)
    EXTI2_IRQHandler                         0x080001b7   Thumb Code     0  startup_stm32f407xx.o(.text)
    EXTI3_IRQHandler                         0x080001b7   Thumb Code     0  startup_stm32f407xx.o(.text)
    EXTI4_IRQHandler                         0x080001b7   Thumb Code     0  startup_stm32f407xx.o(.text)
    EXTI9_5_IRQHandler                       0x080001b7   Thumb Code     0  startup_stm32f407xx.o(.text)
    FLASH_IRQHandler                         0x080001b7   Thumb Code     0  startup_stm32f407xx.o(.text)
    FMC_IRQHandler                           0x080001b7   Thumb Code     0  startup_stm32f407xx.o(.text)
    FPU_IRQHandler                           0x080001b7   Thumb Code     0  startup_stm32f407xx.o(.text)
    HASH_RNG_IRQHandler                      0x080001b7   Thumb Code     0  startup_stm32f407xx.o(.text)
    I2C1_ER_IRQHandler                       0x080001b7   Thumb Code     0  startup_stm32f407xx.o(.text)
    I2C1_EV_IRQHandler                       0x080001b7   Thumb Code     0  startup_stm32f407xx.o(.text)
    I2C2_ER_IRQHandler                       0x080001b7   Thumb Code     0  startup_stm32f407xx.o(.text)
    I2C2_EV_IRQHandler                       0x080001b7   Thumb Code     0  startup_stm32f407xx.o(.text)
    I2C3_ER_IRQHandler                       0x080001b7   Thumb Code     0  startup_stm32f407xx.o(.text)
    I2C3_EV_IRQHandler                       0x080001b7   Thumb Code     0  startup_stm32f407xx.o(.text)
    OTG_FS_WKUP_IRQHandler                   0x080001b7   Thumb Code     0  startup_stm32f407xx.o(.text)
    OTG_HS_EP1_IN_IRQHandler                 0x080001b7   Thumb Code     0  startup_stm32f407xx.o(.text)
    OTG_HS_EP1_OUT_IRQHandler                0x080001b7   Thumb Code     0  startup_stm32f407xx.o(.text)
    OTG_HS_IRQHandler                        0x080001b7   Thumb Code     0  startup_stm32f407xx.o(.text)
    OTG_HS_WKUP_IRQHandler                   0x080001b7   Thumb Code     0  startup_stm32f407xx.o(.text)
    PVD_IRQHandler                           0x080001b7   Thumb Code     0  startup_stm32f407xx.o(.text)
    RCC_IRQHandler                           0x080001b7   Thumb Code     0  startup_stm32f407xx.o(.text)
    RTC_Alarm_IRQHandler                     0x080001b7   Thumb Code     0  startup_stm32f407xx.o(.text)
    RTC_WKUP_IRQHandler                      0x080001b7   Thumb Code     0  startup_stm32f407xx.o(.text)
    SDIO_IRQHandler                          0x080001b7   Thumb Code     0  startup_stm32f407xx.o(.text)
    SPI1_IRQHandler                          0x080001b7   Thumb Code     0  startup_stm32f407xx.o(.text)
    SPI2_IRQHandler                          0x080001b7   Thumb Code     0  startup_stm32f407xx.o(.text)
    SPI3_IRQHandler                          0x080001b7   Thumb Code     0  startup_stm32f407xx.o(.text)
    TAMP_STAMP_IRQHandler                    0x080001b7   Thumb Code     0  startup_stm32f407xx.o(.text)
    TIM1_BRK_TIM9_IRQHandler                 0x080001b7   Thumb Code     0  startup_stm32f407xx.o(.text)
    TIM1_CC_IRQHandler                       0x080001b7   Thumb Code     0  startup_stm32f407xx.o(.text)
    TIM1_TRG_COM_TIM11_IRQHandler            0x080001b7   Thumb Code     0  startup_stm32f407xx.o(.text)
    TIM1_UP_TIM10_IRQHandler                 0x080001b7   Thumb Code     0  startup_stm32f407xx.o(.text)
    TIM2_IRQHandler                          0x080001b7   Thumb Code     0  startup_stm32f407xx.o(.text)
    TIM3_IRQHandler                          0x080001b7   Thumb Code     0  startup_stm32f407xx.o(.text)
    TIM4_IRQHandler                          0x080001b7   Thumb Code     0  startup_stm32f407xx.o(.text)
    TIM5_IRQHandler                          0x080001b7   Thumb Code     0  startup_stm32f407xx.o(.text)
    TIM6_DAC_IRQHandler                      0x080001b7   Thumb Code     0  startup_stm32f407xx.o(.text)
    TIM7_IRQHandler                          0x080001b7   Thumb Code     0  startup_stm32f407xx.o(.text)
    TIM8_BRK_TIM12_IRQHandler                0x080001b7   Thumb Code     0  startup_stm32f407xx.o(.text)
    TIM8_CC_IRQHandler                       0x080001b7   Thumb Code     0  startup_stm32f407xx.o(.text)
    TIM8_TRG_COM_TIM14_IRQHandler            0x080001b7   Thumb Code     0  startup_stm32f407xx.o(.text)
    TIM8_UP_TIM13_IRQHandler                 0x080001b7   Thumb Code     0  startup_stm32f407xx.o(.text)
    UART4_IRQHandler                         0x080001b7   Thumb Code     0  startup_stm32f407xx.o(.text)
    UART5_IRQHandler                         0x080001b7   Thumb Code     0  startup_stm32f407xx.o(.text)
    USART1_IRQHandler                        0x080001b7   Thumb Code     0  startup_stm32f407xx.o(.text)
    USART2_IRQHandler                        0x080001b7   Thumb Code     0  startup_stm32f407xx.o(.text)
    USART3_IRQHandler                        0x080001b7   Thumb Code     0  startup_stm32f407xx.o(.text)
    USART6_IRQHandler                        0x080001b7   Thumb Code     0  startup_stm32f407xx.o(.text)
    WWDG_IRQHandler                          0x080001b7   Thumb Code     0  startup_stm32f407xx.o(.text)
    __aeabi_memset                           0x080001c1   Thumb Code    14  memseta.o(.text)
    __aeabi_memset4                          0x080001c1   Thumb Code     0  memseta.o(.text)
    __aeabi_memset8                          0x080001c1   Thumb Code     0  memseta.o(.text)
    __aeabi_memclr                           0x080001cf   Thumb Code     4  memseta.o(.text)
    __aeabi_memclr4                          0x080001cf   Thumb Code     0  memseta.o(.text)
    __aeabi_memclr8                          0x080001cf   Thumb Code     0  memseta.o(.text)
    _memset$wrapper                          0x080001d3   Thumb Code    18  memseta.o(.text)
    strlen                                   0x080001e5   Thumb Code    14  strlen.o(.text)
    __aeabi_uldivmod                         0x080001f3   Thumb Code    98  uldiv.o(.text)
    __scatterload                            0x08000255   Thumb Code    28  init.o(.text)
    __scatterload_rt2                        0x08000255   Thumb Code     0  init.o(.text)
    __aeabi_llsl                             0x08000279   Thumb Code    30  llshl.o(.text)
    _ll_shift_l                              0x08000279   Thumb Code     0  llshl.o(.text)
    __aeabi_llsr                             0x08000297   Thumb Code    32  llushr.o(.text)
    _ll_ushift_r                             0x08000297   Thumb Code     0  llushr.o(.text)
    BusFault_Handler                         0x080002b7   Thumb Code     2  stm32f4xx_it.o(i.BusFault_Handler)
    DebugMon_Handler                         0x080002b9   Thumb Code     2  stm32f4xx_it.o(i.DebugMon_Handler)
    FLIR_ONE_CalculateCRC                    0x080002bb   Thumb Code    64  flironecontrol.o(i.FLIR_ONE_CalculateCRC)
    FLIR_ONE_CreateImage                     0x080002fd   Thumb Code   926  flironecontrol.o(i.FLIR_ONE_CreateImage)
    FLIR_ONE_Init                            0x080006a9   Thumb Code    72  flironecontrol.o(i.FLIR_ONE_Init)
    FLIR_ONE_PopShort                        0x080006f5   Thumb Code   102  flironecontrol.o(i.FLIR_ONE_PopShort)
    HAL_Delay                                0x08000765   Thumb Code    30  stm32f4xx_hal.o(i.HAL_Delay)
    HAL_GPIO_Init                            0x08000785   Thumb Code   546  stm32f4xx_hal_gpio.o(i.HAL_GPIO_Init)
    HAL_GPIO_WritePin                        0x080009bd   Thumb Code    10  stm32f4xx_hal_gpio.o(i.HAL_GPIO_WritePin)
    HAL_GetTick                              0x080009c9   Thumb Code     6  stm32f4xx_hal.o(i.HAL_GetTick)
    HAL_HCD_Connect_Callback                 0x080009d5   Thumb Code     8  usbh_conf.o(i.HAL_HCD_Connect_Callback)
    HAL_HCD_Disconnect_Callback              0x080009dd   Thumb Code     8  usbh_conf.o(i.HAL_HCD_Disconnect_Callback)
    HAL_HCD_GetCurrentFrame                  0x080009e5   Thumb Code     6  stm32f4xx_hal_hcd.o(i.HAL_HCD_GetCurrentFrame)
    HAL_HCD_GetCurrentSpeed                  0x080009eb   Thumb Code     6  stm32f4xx_hal_hcd.o(i.HAL_HCD_GetCurrentSpeed)
    HAL_HCD_HC_GetURBState                   0x080009f1   Thumb Code    16  stm32f4xx_hal_hcd.o(i.HAL_HCD_HC_GetURBState)
    HAL_HCD_HC_GetXferCount                  0x08000a01   Thumb Code    16  stm32f4xx_hal_hcd.o(i.HAL_HCD_HC_GetXferCount)
    HAL_HCD_HC_Halt                          0x08000a11   Thumb Code    36  stm32f4xx_hal_hcd.o(i.HAL_HCD_HC_Halt)
    HAL_HCD_HC_Init                          0x08000a35   Thumb Code   104  stm32f4xx_hal_hcd.o(i.HAL_HCD_HC_Init)
    HAL_HCD_HC_NotifyURBChange_Callback      0x08000a9d   Thumb Code     2  usbh_conf.o(i.HAL_HCD_HC_NotifyURBChange_Callback)
    HAL_HCD_HC_SubmitRequest                 0x08000a9f   Thumb Code   220  stm32f4xx_hal_hcd.o(i.HAL_HCD_HC_SubmitRequest)
    HAL_HCD_IRQHandler                       0x08000b7d   Thumb Code  1828  stm32f4xx_hal_hcd.o(i.HAL_HCD_IRQHandler)
    HAL_HCD_Init                             0x080012a5   Thumb Code   112  stm32f4xx_hal_hcd.o(i.HAL_HCD_Init)
    HAL_HCD_MspInit                          0x08001315   Thumb Code    94  usbh_conf.o(i.HAL_HCD_MspInit)
    HAL_HCD_ResetPort                        0x08001381   Thumb Code     6  stm32f4xx_hal_hcd.o(i.HAL_HCD_ResetPort)
    HAL_HCD_SOF_Callback                     0x08001387   Thumb Code     8  usbh_conf.o(i.HAL_HCD_SOF_Callback)
    HAL_HCD_Start                            0x0800138f   Thumb Code    44  stm32f4xx_hal_hcd.o(i.HAL_HCD_Start)
    HAL_HCD_Stop                             0x080013bb   Thumb Code    36  stm32f4xx_hal_hcd.o(i.HAL_HCD_Stop)
    HAL_IncTick                              0x080013e1   Thumb Code    10  stm32f4xx_hal.o(i.HAL_IncTick)
    HAL_Init                                 0x080013f1   Thumb Code    48  stm32f4xx_hal.o(i.HAL_Init)
    HAL_InitTick                             0x08001425   Thumb Code    34  stm32f4xx_hal.o(i.HAL_InitTick)
    HAL_MspInit                              0x0800144d   Thumb Code    88  stm32f4xx_hal_msp.o(i.HAL_MspInit)
    HAL_NVIC_EnableIRQ                       0x080014a5   Thumb Code    24  stm32f4xx_hal_cortex.o(i.HAL_NVIC_EnableIRQ)
    HAL_NVIC_SetPriority                     0x080014bd   Thumb Code    96  stm32f4xx_hal_cortex.o(i.HAL_NVIC_SetPriority)
    HAL_NVIC_SetPriorityGrouping             0x08001521   Thumb Code    30  stm32f4xx_hal_cortex.o(i.HAL_NVIC_SetPriorityGrouping)
    HAL_RCC_ClockConfig                      0x08001545   Thumb Code   388  stm32f4xx_hal_rcc.o(i.HAL_RCC_ClockConfig)
    HAL_RCC_GetHCLKFreq                      0x080016dd   Thumb Code     6  stm32f4xx_hal_rcc.o(i.HAL_RCC_GetHCLKFreq)
    HAL_RCC_GetSysClockFreq                  0x080016e9   Thumb Code   132  stm32f4xx_hal_rcc.o(i.HAL_RCC_GetSysClockFreq)
    HAL_RCC_OscConfig                        0x0800177d   Thumb Code   912  stm32f4xx_hal_rcc.o(i.HAL_RCC_OscConfig)
    HAL_SPI_Init                             0x08001b31   Thumb Code   120  stm32f4xx_hal_spi.o(i.HAL_SPI_Init)
    HAL_SPI_MspInit                          0x08001ba9   Thumb Code    90  stm32f4xx_hal_msp.o(i.HAL_SPI_MspInit)
    HAL_SYSTICK_CLKSourceConfig              0x08001c11   Thumb Code    22  stm32f4xx_hal_cortex.o(i.HAL_SYSTICK_CLKSourceConfig)
    HAL_SYSTICK_Callback                     0x08001c27   Thumb Code     2  stm32f4xx_hal_cortex.o(i.HAL_SYSTICK_Callback)
    HAL_SYSTICK_Config                       0x08001c29   Thumb Code    38  stm32f4xx_hal_cortex.o(i.HAL_SYSTICK_Config)
    HAL_SYSTICK_IRQHandler                   0x08001c55   Thumb Code     8  stm32f4xx_hal_cortex.o(i.HAL_SYSTICK_IRQHandler)
    HX8347D_Clear                            0x08001c5d   Thumb Code    72  hx8347d.o(i.HX8347D_Clear)
    HX8347D_Init                             0x08001ca9   Thumb Code   530  hx8347d.o(i.HX8347D_Init)
    HX8347D_Print                            0x08001ec9   Thumb Code     2  hx8347d.o(i.HX8347D_Print)
    HX8347D_SetWindow                        0x08001ecd   Thumb Code   338  hx8347d.o(i.HX8347D_SetWindow)
    HX8347D_Write16                          0x08002025   Thumb Code    82  hx8347d.o(i.HX8347D_Write16)
    HardFault_Handler                        0x0800207d   Thumb Code     2  stm32f4xx_it.o(i.HardFault_Handler)
    MODE_DisableShuttering                   0x08002081   Thumb Code   112  main.o(i.MODE_DisableShuttering)
    MODE_EnableShuttering                    0x08002145   Thumb Code   112  main.o(i.MODE_EnableShuttering)
    MODE_GetInterface                        0x08002209   Thumb Code   102  main.o(i.MODE_GetInterface)
    MODE_GetStatusEP                         0x08002289   Thumb Code   104  main.o(i.MODE_GetStatusEP)
    MODE_InitPipe                            0x08002311   Thumb Code   222  main.o(i.MODE_InitPipe)
    MODE_PrintDeviceParam                    0x0800240d   Thumb Code   212  main.o(i.MODE_PrintDeviceParam)
    MX_USB_HOST_Init                         0x08002541   Thumb Code    22  usb_host.o(i.MX_USB_HOST_Init)
    MX_USB_HOST_Process                      0x08002561   Thumb Code     6  usb_host.o(i.MX_USB_HOST_Process)
    MemManage_Handler                        0x0800256d   Thumb Code     2  stm32f4xx_it.o(i.MemManage_Handler)
    NMI_Handler                              0x0800256f   Thumb Code     2  stm32f4xx_it.o(i.NMI_Handler)
    OTG_FS_IRQHandler                        0x08002571   Thumb Code     6  stm32f4xx_it.o(i.OTG_FS_IRQHandler)
    PendSV_Handler                           0x0800257d   Thumb Code     2  stm32f4xx_it.o(i.PendSV_Handler)
    SVC_Handler                              0x0800257f   Thumb Code     2  stm32f4xx_it.o(i.SVC_Handler)
    SysTick_Handler                          0x08002581   Thumb Code    14  stm32f4xx_it.o(i.SysTick_Handler)
    SystemInit                               0x08002591   Thumb Code    64  system_stm32f4xx.o(i.SystemInit)
    USBH_AllocPipe                           0x080025e9   Thumb Code    60  usbh_pipes.o(i.USBH_AllocPipe)
    USBH_BulkReceiveData                     0x08002625   Thumb Code    38  usbh_ioreq.o(i.USBH_BulkReceiveData)
    USBH_BulkSendData                        0x0800264b   Thumb Code    48  usbh_ioreq.o(i.USBH_BulkSendData)
    USBH_ClosePipe                           0x0800267b   Thumb Code    10  usbh_pipes.o(i.USBH_ClosePipe)
    USBH_CtlReceiveData                      0x08002685   Thumb Code    38  usbh_ioreq.o(i.USBH_CtlReceiveData)
    USBH_CtlReq                              0x080026ab   Thumb Code   412  usbh_ctlreq.o(i.USBH_CtlReq)
    USBH_CtlSendData                         0x08002847   Thumb Code    48  usbh_ioreq.o(i.USBH_CtlSendData)
    USBH_CtlSendSetup                        0x08002877   Thumb Code    34  usbh_ioreq.o(i.USBH_CtlSendSetup)
    USBH_Delay                               0x08002899   Thumb Code     4  usbh_conf.o(i.USBH_Delay)
    USBH_FreePipe                            0x0800289d   Thumb Code    24  usbh_pipes.o(i.USBH_FreePipe)
    USBH_Get_CfgDesc                         0x080028b5   Thumb Code   336  usbh_ctlreq.o(i.USBH_Get_CfgDesc)
    USBH_Get_DevDesc                         0x08002a05   Thumb Code   202  usbh_ctlreq.o(i.USBH_Get_DevDesc)
    USBH_Get_StringDesc                      0x08002ad1   Thumb Code   144  usbh_ctlreq.o(i.USBH_Get_StringDesc)
    USBH_Init                                0x08002b61   Thumb Code   108  usbh_core.o(i.USBH_Init)
    USBH_LL_ClosePipe                        0x08002bcd   Thumb Code    32  usbh_conf.o(i.USBH_LL_ClosePipe)
    USBH_LL_Connect                          0x08002bed   Thumb Code    40  usbh_core.o(i.USBH_LL_Connect)
    USBH_LL_Disconnect                       0x08002c15   Thumb Code    56  usbh_core.o(i.USBH_LL_Disconnect)
    USBH_LL_DriverVBUS                       0x08002c4d   Thumb Code    12  usbh_conf.o(i.USBH_LL_DriverVBUS)
    USBH_LL_GetLastXferSize                  0x08002c59   Thumb Code     8  usbh_conf.o(i.USBH_LL_GetLastXferSize)
    USBH_LL_GetSpeed                         0x08002c61   Thumb Code    32  usbh_conf.o(i.USBH_LL_GetSpeed)
    USBH_LL_GetURBState                      0x08002c81   Thumb Code     8  usbh_conf.o(i.USBH_LL_GetURBState)
    USBH_LL_IncTimer                         0x08002c89   Thumb Code    32  usbh_core.o(i.USBH_LL_IncTimer)
    USBH_LL_Init                             0x08002ca9   Thumb Code    78  usbh_conf.o(i.USBH_LL_Init)
    USBH_LL_OpenPipe                         0x08002d11   Thumb Code    52  usbh_conf.o(i.USBH_LL_OpenPipe)
    USBH_LL_ResetPort                        0x08002d45   Thumb Code    32  usbh_conf.o(i.USBH_LL_ResetPort)
    USBH_LL_SetTimer                         0x08002d65   Thumb Code     6  usbh_core.o(i.USBH_LL_SetTimer)
    USBH_LL_Start                            0x08002d6b   Thumb Code    32  usbh_conf.o(i.USBH_LL_Start)
    USBH_LL_Stop                             0x08002d8b   Thumb Code    32  usbh_conf.o(i.USBH_LL_Stop)
    USBH_LL_SubmitURB                        0x08002dab   Thumb Code    46  usbh_conf.o(i.USBH_LL_SubmitURB)
    USBH_OpenPipe                            0x08002dd9   Thumb Code    28  usbh_pipes.o(i.USBH_OpenPipe)
    USBH_Process                             0x08002df5   Thumb Code   750  usbh_core.o(i.USBH_Process)
    USBH_SetAddress                          0x080030e3   Thumb Code    28  usbh_ctlreq.o(i.USBH_SetAddress)
    USBH_SetCfg                              0x080030ff   Thumb Code    28  usbh_ctlreq.o(i.USBH_SetCfg)
    USBH_SetInterface                        0x0800311b   Thumb Code    28  usbh_ctlreq.o(i.USBH_SetInterface)
    USBH_Start                               0x08003137   Thumb Code    20  usbh_core.o(i.USBH_Start)
    USB_CoreInit                             0x08003175   Thumb Code   184  stm32f4xx_ll_usb.o(i.USB_CoreInit)
    USB_DisableGlobalInt                     0x08003231   Thumb Code    12  stm32f4xx_ll_usb.o(i.USB_DisableGlobalInt)
    USB_DoPing                               0x0800323d   Thumb Code    66  stm32f4xx_ll_usb.o(i.USB_DoPing)
    USB_DriveVbus                            0x08003285   Thumb Code    54  stm32f4xx_ll_usb.o(i.USB_DriveVbus)
    USB_EnableGlobalInt                      0x080032bb   Thumb Code    12  stm32f4xx_ll_usb.o(i.USB_EnableGlobalInt)
    USB_GetCurrentFrame                      0x080032c7   Thumb Code     8  stm32f4xx_ll_usb.o(i.USB_GetCurrentFrame)
    USB_GetHostSpeed                         0x080032cf   Thumb Code    16  stm32f4xx_ll_usb.o(i.USB_GetHostSpeed)
    USB_GetMode                              0x080032df   Thumb Code     8  stm32f4xx_ll_usb.o(i.USB_GetMode)
    USB_HC_Halt                              0x080032e7   Thumb Code   340  stm32f4xx_ll_usb.o(i.USB_HC_Halt)
    USB_HC_Init                              0x0800343b   Thumb Code   230  stm32f4xx_ll_usb.o(i.USB_HC_Init)
    USB_HC_ReadInterrupt                     0x08003521   Thumb Code    10  stm32f4xx_ll_usb.o(i.USB_HC_ReadInterrupt)
    USB_HC_StartXfer                         0x0800352d   Thumb Code   516  stm32f4xx_ll_usb.o(i.USB_HC_StartXfer)
    USB_HOST_Processing                      0x08003735   Thumb Code   746  main.o(i.USB_HOST_Processing)
    USB_HOST_Receive                         0x08003a3d   Thumb Code   258  main.o(i.USB_HOST_Receive)
    USB_HostInit                             0x08003b55   Thumb Code   260  stm32f4xx_ll_usb.o(i.USB_HostInit)
    USB_InitFSLSPClkSel                      0x08003c71   Thumb Code    54  stm32f4xx_ll_usb.o(i.USB_InitFSLSPClkSel)
    USB_ReadInterrupts                       0x08003ca7   Thumb Code     8  stm32f4xx_ll_usb.o(i.USB_ReadInterrupts)
    USB_ReadPacket                           0x08003cb1   Thumb Code    58  stm32f4xx_ll_usb.o(i.USB_ReadPacket)
    USB_ResetPort                            0x08003ceb   Thumb Code    42  stm32f4xx_ll_usb.o(i.USB_ResetPort)
    USB_SetCurrentMode                       0x08003d15   Thumb Code    46  stm32f4xx_ll_usb.o(i.USB_SetCurrentMode)
    USB_StopHost                             0x08003d45   Thumb Code   228  stm32f4xx_ll_usb.o(i.USB_StopHost)
    UsageFault_Handler                       0x08003e2d   Thumb Code     2  stm32f4xx_it.o(i.UsageFault_Handler)
    _Error_Handler                           0x08003e2f   Thumb Code     2  main.o(i._Error_Handler)
    __0sprintf$8                             0x08003e31   Thumb Code    34  printf8.o(i.__0sprintf$8)
    __1sprintf$8                             0x08003e31   Thumb Code     0  printf8.o(i.__0sprintf$8)
    __2sprintf                               0x08003e31   Thumb Code     0  printf8.o(i.__0sprintf$8)
    __scatterload_copy                       0x08003e59   Thumb Code    14  handlers.o(i.__scatterload_copy)
    __scatterload_null                       0x08003e67   Thumb Code     2  handlers.o(i.__scatterload_null)
    __scatterload_zeroinit                   0x08003e69   Thumb Code    14  handlers.o(i.__scatterload_zeroinit)
    main                                     0x080042e5   Thumb Code   328  main.o(i.main)
    AHBPrescTable                            0x0800444c   Data          16  system_stm32f4xx.o(.constdata)
    EndPoint                                 0x0800445c   Data           4  main.o(.constdata)
    HX8347D_InitList                         0x08004460   Data         580  hx8347d.o(.constdata)
    Region$$Table$$Base                      0x080046a4   Number         0  anon$$obj.o(Region$$Table)
    Region$$Table$$Limit                     0x080046d4   Number         0  anon$$obj.o(Region$$Table)
    ReceiveBuffer_0x80                       0x10000000   Data         512  main.o(.bss)
    ReceiveBuffer_0x81                       0x10000200   Data         512  main.o(.bss)
    ReceiveBuffer_0x83                       0x10000400   Data         512  main.o(.bss)
    SystemCoreClock                          0x20000000   Data           4  system_stm32f4xx.o(.data)
    uwTick                                   0x20000004   Data           4  stm32f4xx_hal.o(.data)
    Appli_state                              0x20000008   Data           4  usb_host.o(.data)
    PipeIsInit                               0x2000000c   Data           1  main.o(.data)
    DevicePipe                               0x20000014   Data           4  main.o(.data)
    FrameTickStart                           0x20000048   Data           4  flironecontrol.o(.data)
    hhcd_USB_OTG_FS                          0x2000004c   Data         728  usbh_conf.o(.bss)
    hUsbHostFS                               0x20000324   Data        1188  usb_host.o(.bss)
    __initial_sp                             0x200153c0   Data           0  startup_stm32f407xx.o(STACK)



==============================================================================

Memory Map of the image

  Image Entry point : 0x08000189

  Load Region LR_IROM1 (Base: 0x08000000, Size: 0x00004720, Max: 0x00100000, ABSOLUTE)

    Execution Region ER_IROM1 (Base: 0x08000000, Size: 0x000046d4, Max: 0x00100000, ABSOLUTE)

    Base Addr    Size         Type   Attr      Idx    E Section Name        Object

    0x08000000   0x00000188   Data   RO           74    RESET               startup_stm32f407xx.o
    0x08000188   0x00000000   Code   RO          510  * .ARM.Collect$$$$00000000  mc_w.l(entry.o)
    0x08000188   0x00000004   Code   RO          660    .ARM.Collect$$$$00000001  mc_w.l(entry2.o)
    0x0800018c   0x00000004   Code   RO          663    .ARM.Collect$$$$00000004  mc_w.l(entry5.o)
    0x08000190   0x00000000   Code   RO          665    .ARM.Collect$$$$00000008  mc_w.l(entry7b.o)
    0x08000190   0x00000000   Code   RO          667    .ARM.Collect$$$$0000000A  mc_w.l(entry8b.o)
    0x08000190   0x00000008   Code   RO          668    .ARM.Collect$$$$0000000B  mc_w.l(entry9a.o)
    0x08000198   0x00000000   Code   RO          670    .ARM.Collect$$$$0000000D  mc_w.l(entry10a.o)
    0x08000198   0x00000000   Code   RO          672    .ARM.Collect$$$$0000000F  mc_w.l(entry11a.o)
    0x08000198   0x00000004   Code   RO          661    .ARM.Collect$$$$00002712  mc_w.l(entry2.o)
    0x0800019c   0x00000024   Code   RO           75    .text               startup_stm32f407xx.o
    0x080001c0   0x00000024   Code   RO          513    .text               mc_w.l(memseta.o)
    0x080001e4   0x0000000e   Code   RO          514    .text               mc_w.l(strlen.o)
    0x080001f2   0x00000062   Code   RO          677    .text               mc_w.l(uldiv.o)
    0x08000254   0x00000024   Code   RO          688    .text               mc_w.l(init.o)
    0x08000278   0x0000001e   Code   RO          690    .text               mc_w.l(llshl.o)
    0x08000296   0x00000020   Code   RO          691    .text               mc_w.l(llushr.o)
    0x080002b6   0x00000002   Code   RO          461    i.BusFault_Handler  stm32f4xx_it.o
    0x080002b8   0x00000002   Code   RO          462    i.DebugMon_Handler  stm32f4xx_it.o
    0x080002ba   0x00000040   Code   RO          474    i.FLIR_ONE_CalculateCRC  flironecontrol.o
    0x080002fa   0x00000002   PAD
    0x080002fc   0x000003ac   Code   RO          475    i.FLIR_ONE_CreateImage  flironecontrol.o
    0x080006a8   0x0000004c   Code   RO          477    i.FLIR_ONE_Init     flironecontrol.o
    0x080006f4   0x00000070   Code   RO          479    i.FLIR_ONE_PopShort  flironecontrol.o
    0x08000764   0x0000001e   Code   RO          170    i.HAL_Delay         stm32f4xx_hal.o
    0x08000782   0x00000002   PAD
    0x08000784   0x00000238   Code   RO          278    i.HAL_GPIO_Init     stm32f4xx_hal_gpio.o
    0x080009bc   0x0000000a   Code   RO          282    i.HAL_GPIO_WritePin  stm32f4xx_hal_gpio.o
    0x080009c6   0x00000002   PAD
    0x080009c8   0x0000000c   Code   RO          176    i.HAL_GetTick       stm32f4xx_hal.o
    0x080009d4   0x00000008   Code   RO          380    i.HAL_HCD_Connect_Callback  usbh_conf.o
    0x080009dc   0x00000008   Code   RO          381    i.HAL_HCD_Disconnect_Callback  usbh_conf.o
    0x080009e4   0x00000006   Code   RO          192    i.HAL_HCD_GetCurrentFrame  stm32f4xx_hal_hcd.o
    0x080009ea   0x00000006   Code   RO          193    i.HAL_HCD_GetCurrentSpeed  stm32f4xx_hal_hcd.o
    0x080009f0   0x00000010   Code   RO          196    i.HAL_HCD_HC_GetURBState  stm32f4xx_hal_hcd.o
    0x08000a00   0x00000010   Code   RO          197    i.HAL_HCD_HC_GetXferCount  stm32f4xx_hal_hcd.o
    0x08000a10   0x00000024   Code   RO          198    i.HAL_HCD_HC_Halt   stm32f4xx_hal_hcd.o
    0x08000a34   0x00000068   Code   RO          199    i.HAL_HCD_HC_Init   stm32f4xx_hal_hcd.o
    0x08000a9c   0x00000002   Code   RO          382    i.HAL_HCD_HC_NotifyURBChange_Callback  usbh_conf.o
    0x08000a9e   0x000000dc   Code   RO          201    i.HAL_HCD_HC_SubmitRequest  stm32f4xx_hal_hcd.o
    0x08000b7a   0x00000002   PAD
    0x08000b7c   0x00000728   Code   RO          202    i.HAL_HCD_IRQHandler  stm32f4xx_hal_hcd.o
    0x080012a4   0x00000070   Code   RO          203    i.HAL_HCD_Init      stm32f4xx_hal_hcd.o
    0x08001314   0x0000006c   Code   RO          384    i.HAL_HCD_MspInit   usbh_conf.o
    0x08001380   0x00000006   Code   RO          206    i.HAL_HCD_ResetPort  stm32f4xx_hal_hcd.o
    0x08001386   0x00000008   Code   RO          385    i.HAL_HCD_SOF_Callback  usbh_conf.o
    0x0800138e   0x0000002c   Code   RO          208    i.HAL_HCD_Start     stm32f4xx_hal_hcd.o
    0x080013ba   0x00000024   Code   RO          209    i.HAL_HCD_Stop      stm32f4xx_hal_hcd.o
    0x080013de   0x00000002   PAD
    0x080013e0   0x00000010   Code   RO          178    i.HAL_IncTick       stm32f4xx_hal.o
    0x080013f0   0x00000034   Code   RO          179    i.HAL_Init          stm32f4xx_hal.o
    0x08001424   0x00000028   Code   RO          180    i.HAL_InitTick      stm32f4xx_hal.o
    0x0800144c   0x00000058   Code   RO          455    i.HAL_MspInit       stm32f4xx_hal_msp.o
    0x080014a4   0x00000018   Code   RO          364    i.HAL_NVIC_EnableIRQ  stm32f4xx_hal_cortex.o
    0x080014bc   0x00000064   Code   RO          370    i.HAL_NVIC_SetPriority  stm32f4xx_hal_cortex.o
    0x08001520   0x00000024   Code   RO          371    i.HAL_NVIC_SetPriorityGrouping  stm32f4xx_hal_cortex.o
    0x08001544   0x00000198   Code   RO          224    i.HAL_RCC_ClockConfig  stm32f4xx_hal_rcc.o
    0x080016dc   0x0000000c   Code   RO          229    i.HAL_RCC_GetHCLKFreq  stm32f4xx_hal_rcc.o
    0x080016e8   0x00000094   Code   RO          233    i.HAL_RCC_GetSysClockFreq  stm32f4xx_hal_rcc.o
    0x0800177c   0x000003b4   Code   RO          236    i.HAL_RCC_OscConfig  stm32f4xx_hal_rcc.o
    0x08001b30   0x00000078   Code   RO          316    i.HAL_SPI_Init      stm32f4xx_hal_spi.o
    0x08001ba8   0x00000068   Code   RO          457    i.HAL_SPI_MspInit   stm32f4xx_hal_msp.o
    0x08001c10   0x00000016   Code   RO          373    i.HAL_SYSTICK_CLKSourceConfig  stm32f4xx_hal_cortex.o
    0x08001c26   0x00000002   Code   RO          374    i.HAL_SYSTICK_Callback  stm32f4xx_hal_cortex.o
    0x08001c28   0x0000002c   Code   RO          375    i.HAL_SYSTICK_Config  stm32f4xx_hal_cortex.o
    0x08001c54   0x00000008   Code   RO          376    i.HAL_SYSTICK_IRQHandler  stm32f4xx_hal_cortex.o
    0x08001c5c   0x0000004c   Code   RO          486    i.HX8347D_Clear     hx8347d.o
    0x08001ca8   0x00000220   Code   RO          487    i.HX8347D_Init      hx8347d.o
    0x08001ec8   0x00000002   Code   RO          489    i.HX8347D_Print     hx8347d.o
    0x08001eca   0x00000002   PAD
    0x08001ecc   0x00000158   Code   RO          509    i.HX8347D_SetWindow  hx8347d.o
    0x08002024   0x00000058   Code   RO          507    i.HX8347D_Write16   hx8347d.o
    0x0800207c   0x00000002   Code   RO          463    i.HardFault_Handler  stm32f4xx_it.o
    0x0800207e   0x00000002   PAD
    0x08002080   0x000000c4   Code   RO          419    i.MODE_DisableShuttering  main.o
    0x08002144   0x000000c4   Code   RO          420    i.MODE_EnableShuttering  main.o
    0x08002208   0x00000080   Code   RO          421    i.MODE_GetInterface  main.o
    0x08002288   0x00000088   Code   RO          424    i.MODE_GetStatusEP  main.o
    0x08002310   0x000000fc   Code   RO          425    i.MODE_InitPipe     main.o
    0x0800240c   0x00000134   Code   RO          435    i.MODE_PrintDeviceParam  main.o
    0x08002540   0x00000020   Code   RO          405    i.MX_USB_HOST_Init  usb_host.o
    0x08002560   0x0000000c   Code   RO          406    i.MX_USB_HOST_Process  usb_host.o
    0x0800256c   0x00000002   Code   RO          464    i.MemManage_Handler  stm32f4xx_it.o
    0x0800256e   0x00000002   Code   RO          465    i.NMI_Handler       stm32f4xx_it.o
    0x08002570   0x0000000c   Code   RO          466    i.OTG_FS_IRQHandler  stm32f4xx_it.o
    0x0800257c   0x00000002   Code   RO          467    i.PendSV_Handler    stm32f4xx_it.o
    0x0800257e   0x00000002   Code   RO          468    i.SVC_Handler       stm32f4xx_it.o
    0x08002580   0x0000000e   Code   RO          469    i.SysTick_Handler   stm32f4xx_it.o
    0x0800258e   0x00000002   PAD
    0x08002590   0x00000058   Code   RO           80    i.SystemInit        system_stm32f4xx.o
    0x080025e8   0x0000003c   Code   RO            4    i.USBH_AllocPipe    usbh_pipes.o
    0x08002624   0x00000026   Code   RO           11    i.USBH_BulkReceiveData  usbh_ioreq.o
    0x0800264a   0x00000030   Code   RO           12    i.USBH_BulkSendData  usbh_ioreq.o
    0x0800267a   0x0000000a   Code   RO            5    i.USBH_ClosePipe    usbh_pipes.o
    0x08002684   0x00000026   Code   RO           13    i.USBH_CtlReceiveData  usbh_ioreq.o
    0x080026aa   0x0000019c   Code   RO           24    i.USBH_CtlReq       usbh_ctlreq.o
    0x08002846   0x00000030   Code   RO           14    i.USBH_CtlSendData  usbh_ioreq.o
    0x08002876   0x00000022   Code   RO           15    i.USBH_CtlSendSetup  usbh_ioreq.o
    0x08002898   0x00000004   Code   RO          386    i.USBH_Delay        usbh_conf.o
    0x0800289c   0x00000018   Code   RO            6    i.USBH_FreePipe     usbh_pipes.o
    0x080028b4   0x00000150   Code   RO           27    i.USBH_Get_CfgDesc  usbh_ctlreq.o
    0x08002a04   0x000000ca   Code   RO           28    i.USBH_Get_DevDesc  usbh_ctlreq.o
    0x08002ace   0x00000002   PAD
    0x08002ad0   0x00000090   Code   RO           29    i.USBH_Get_StringDesc  usbh_ctlreq.o
    0x08002b60   0x0000006c   Code   RO           40    i.USBH_Init         usbh_core.o
    0x08002bcc   0x00000020   Code   RO          387    i.USBH_LL_ClosePipe  usbh_conf.o
    0x08002bec   0x00000028   Code   RO           41    i.USBH_LL_Connect   usbh_core.o
    0x08002c14   0x00000038   Code   RO           42    i.USBH_LL_Disconnect  usbh_core.o
    0x08002c4c   0x0000000c   Code   RO          389    i.USBH_LL_DriverVBUS  usbh_conf.o
    0x08002c58   0x00000008   Code   RO          390    i.USBH_LL_GetLastXferSize  usbh_conf.o
    0x08002c60   0x00000020   Code   RO          391    i.USBH_LL_GetSpeed  usbh_conf.o
    0x08002c80   0x00000008   Code   RO          393    i.USBH_LL_GetURBState  usbh_conf.o
    0x08002c88   0x00000020   Code   RO           43    i.USBH_LL_IncTimer  usbh_core.o
    0x08002ca8   0x00000068   Code   RO          394    i.USBH_LL_Init      usbh_conf.o
    0x08002d10   0x00000034   Code   RO          395    i.USBH_LL_OpenPipe  usbh_conf.o
    0x08002d44   0x00000020   Code   RO          396    i.USBH_LL_ResetPort  usbh_conf.o
    0x08002d64   0x00000006   Code   RO           44    i.USBH_LL_SetTimer  usbh_core.o
    0x08002d6a   0x00000020   Code   RO          398    i.USBH_LL_Start     usbh_conf.o
    0x08002d8a   0x00000020   Code   RO          399    i.USBH_LL_Stop      usbh_conf.o
    0x08002daa   0x0000002e   Code   RO          400    i.USBH_LL_SubmitURB  usbh_conf.o
    0x08002dd8   0x0000001c   Code   RO            7    i.USBH_OpenPipe     usbh_pipes.o
    0x08002df4   0x000002ee   Code   RO           45    i.USBH_Process      usbh_core.o
    0x080030e2   0x0000001c   Code   RO           30    i.USBH_SetAddress   usbh_ctlreq.o
    0x080030fe   0x0000001c   Code   RO           31    i.USBH_SetCfg       usbh_ctlreq.o
    0x0800311a   0x0000001c   Code   RO           32    i.USBH_SetInterface  usbh_ctlreq.o
    0x08003136   0x00000014   Code   RO           49    i.USBH_Start        usbh_core.o
    0x0800314a   0x00000002   PAD
    0x0800314c   0x00000028   Code   RO          407    i.USBH_UserProcess  usb_host.o
    0x08003174   0x000000bc   Code   RO           91    i.USB_CoreInit      stm32f4xx_ll_usb.o
    0x08003230   0x0000000c   Code   RO           97    i.USB_DisableGlobalInt  stm32f4xx_ll_usb.o
    0x0800323c   0x00000048   Code   RO           98    i.USB_DoPing        stm32f4xx_ll_usb.o
    0x08003284   0x00000036   Code   RO           99    i.USB_DriveVbus     stm32f4xx_ll_usb.o
    0x080032ba   0x0000000c   Code   RO          105    i.USB_EnableGlobalInt  stm32f4xx_ll_usb.o
    0x080032c6   0x00000008   Code   RO          108    i.USB_GetCurrentFrame  stm32f4xx_ll_usb.o
    0x080032ce   0x00000010   Code   RO          110    i.USB_GetHostSpeed  stm32f4xx_ll_usb.o
    0x080032de   0x00000008   Code   RO          111    i.USB_GetMode       stm32f4xx_ll_usb.o
    0x080032e6   0x00000154   Code   RO          112    i.USB_HC_Halt       stm32f4xx_ll_usb.o
    0x0800343a   0x000000e6   Code   RO          113    i.USB_HC_Init       stm32f4xx_ll_usb.o
    0x08003520   0x0000000a   Code   RO          114    i.USB_HC_ReadInterrupt  stm32f4xx_ll_usb.o
    0x0800352a   0x00000002   PAD
    0x0800352c   0x00000208   Code   RO          115    i.USB_HC_StartXfer  stm32f4xx_ll_usb.o
    0x08003734   0x00000308   Code   RO          442    i.USB_HOST_Processing  main.o
    0x08003a3c   0x00000118   Code   RO          443    i.USB_HOST_Receive  main.o
    0x08003b54   0x0000011c   Code   RO          116    i.USB_HostInit      stm32f4xx_ll_usb.o
    0x08003c70   0x00000036   Code   RO          117    i.USB_InitFSLSPClkSel  stm32f4xx_ll_usb.o
    0x08003ca6   0x00000008   Code   RO          122    i.USB_ReadInterrupts  stm32f4xx_ll_usb.o
    0x08003cae   0x00000002   PAD
    0x08003cb0   0x0000003a   Code   RO          123    i.USB_ReadPacket    stm32f4xx_ll_usb.o
    0x08003cea   0x0000002a   Code   RO          124    i.USB_ResetPort     stm32f4xx_ll_usb.o
    0x08003d14   0x0000002e   Code   RO          125    i.USB_SetCurrentMode  stm32f4xx_ll_usb.o
    0x08003d42   0x00000002   PAD
    0x08003d44   0x000000e8   Code   RO          129    i.USB_StopHost      stm32f4xx_ll_usb.o
    0x08003e2c   0x00000002   Code   RO          470    i.UsageFault_Handler  stm32f4xx_it.o
    0x08003e2e   0x00000002   Code   RO          446    i._Error_Handler    main.o
    0x08003e30   0x00000028   Code   RO          621    i.__0sprintf$8      mc_w.l(printf8.o)
    0x08003e58   0x0000000e   Code   RO          697    i.__scatterload_copy  mc_w.l(handlers.o)
    0x08003e66   0x00000002   Code   RO          698    i.__scatterload_null  mc_w.l(handlers.o)
    0x08003e68   0x0000000e   Code   RO          699    i.__scatterload_zeroinit  mc_w.l(handlers.o)
    0x08003e76   0x00000002   PAD
    0x08003e78   0x00000410   Code   RO          626    i._printf_core      mc_w.l(printf8.o)
    0x08004288   0x00000024   Code   RO          627    i._printf_post_padding  mc_w.l(printf8.o)
    0x080042ac   0x0000002e   Code   RO          628    i._printf_pre_padding  mc_w.l(printf8.o)
    0x080042da   0x0000000a   Code   RO          630    i._sputc            mc_w.l(printf8.o)
    0x080042e4   0x00000168   Code   RO          447    i.main              main.o
    0x0800444c   0x00000010   Data   RO           81    .constdata          system_stm32f4xx.o
    0x0800445c   0x00000004   Data   RO          450    .constdata          main.o
    0x08004460   0x00000244   Data   RO          493    .constdata          hx8347d.o
    0x080046a4   0x00000030   Data   RO          695    Region$$Table       anon$$obj.o


    Execution Region RW_IRAM2 (Base: 0x10000000, Size: 0x0000ae00, Max: 0x00010000, ABSOLUTE)

    Base Addr    Size         Type   Attr      Idx    E Section Name        Object

    0x10000000   0x0000ae00   Zero   RW          448    .bss                main.o


    Execution Region RW_IRAM1 (Base: 0x20000000, Size: 0x000153c0, Max: 0x00020000, ABSOLUTE)

    Base Addr    Size         Type   Attr      Idx    E Section Name        Object

    0x20000000   0x00000004   Data   RW           83    .data               system_stm32f4xx.o
    0x20000004   0x00000004   Data   RW          185    .data               stm32f4xx_hal.o
    0x20000008   0x00000004   Data   RW          409    .data               usb_host.o
    0x2000000c   0x00000038   Data   RW          451    .data               main.o
    0x20000044   0x00000008   Data   RW          482    .data               flironecontrol.o
    0x2000004c   0x000002d8   Zero   RW          401    .bss                usbh_conf.o
    0x20000324   0x000004a4   Zero   RW          408    .bss                usb_host.o
    0x200007c8   0x000147f8   Zero   RW          481    .bss                flironecontrol.o
    0x20014fc0   0x00000400   Zero   RW           72    STACK               startup_stm32f407xx.o


==============================================================================

Image component sizes


      Code (inc. data)   RO Data    RW Data    ZI Data      Debug   Object Name

      1192         28          0          8      83960          0   flironecontrol.o
      1054         30        580          0          0          0   hx8347d.o
      2634        436          4         56      44544          0   main.o
        36          8        392          0       1024          0   startup_stm32f407xx.o
       150         22          0          4          0          0   stm32f4xx_hal.o
       236         16          0          0          0          0   stm32f4xx_hal_cortex.o
       578         22          0          0          0          0   stm32f4xx_hal_gpio.o
      2434          4          0          0          0          0   stm32f4xx_hal_hcd.o
       192         14          0          0          0          0   stm32f4xx_hal_msp.o
      1516         78          0          0          0          0   stm32f4xx_hal_rcc.o
       120          0          0          0          0          0   stm32f4xx_hal_spi.o
        42          6          0          0          0          0   stm32f4xx_it.o
      2194         42          0          0          0          0   stm32f4xx_ll_usb.o
        88         24         16          4          0          0   system_stm32f4xx.o
        84         22          0          4       1188          0   usb_host.o
       528         40          0          0        728          0   usbh_conf.o
      1012         20          0          0          0          0   usbh_core.o
      1178         12          0          0          0          0   usbh_ctlreq.o
       206          0          0          0          0          0   usbh_ioreq.o
       122          0          0          0          0          0   usbh_pipes.o

    ----------------------------------------------------------------------
     15622        824       1040         76     131444          0   Object Totals
         0          0         48          0          0          0   (incl. Generated)
        26          0          0          0          0          0   (incl. Padding)

    ----------------------------------------------------------------------

      Code (inc. data)   RO Data    RW Data    ZI Data      Debug   Library Member Name

         0          0          0          0          0          0   entry.o
         0          0          0          0          0          0   entry10a.o
         0          0          0          0          0          0   entry11a.o
         8          4          0          0          0          0   entry2.o
         4          0          0          0          0          0   entry5.o
         0          0          0          0          0          0   entry7b.o
         0          0          0          0          0          0   entry8b.o
         8          4          0          0          0          0   entry9a.o
        30          0          0          0          0          0   handlers.o
        36          8          0          0          0          0   init.o
        30          0          0          0          0          0   llshl.o
        32          0          0          0          0          0   llushr.o
        36          0          0          0          0          0   memseta.o
      1172         50          0          0          0          0   printf8.o
        14          0          0          0          0          0   strlen.o
        98          0          0          0          0          0   uldiv.o

    ----------------------------------------------------------------------
      1470         66          0          0          0          0   Library Totals
         2          0          0          0          0          0   (incl. Padding)

    ----------------------------------------------------------------------

      Code (inc. data)   RO Data    RW Data    ZI Data      Debug   Library Name

      1468         66          0          0          0          0   mc_w.l

    ----------------------------------------------------------------------
      1470         66          0          0          0          0   Library Totals

    ----------------------------------------------------------------------

==============================================================================


      Code (inc. data)   RO Data    RW Data    ZI Data      Debug   

     17092        890       1040         76     131444          0   Grand Totals
     17092        890       1040         76     131444          0   ELF Image Totals
     17092        890       1040         76          0          0   ROM Totals

==============================================================================

    Total RO  Size (Code + RO Data)                18132 (  17.71kB)
    Total RW  Size (RW Data + ZI Data)            131520 ( 128.44kB)
    Total ROM Size (Code + RO Data + RW Data)      18208 (  17.78kB)

==============================================================================

